ARM Linker, 5.03 [Build 76] [MDK-ARM Basic]

==============================================================================

Section Cross References

    main.o(.text) refers to os_cpu_c.o(.text) for OS_CPU_SysTickInit
    main.o(.text) refers to os_core.o(.text) for OSStatInit
    main.o(.text) refers to noretval__2printf.o(.text) for __2printf
    main.o(.text) refers to os_time.o(.text) for OSTimeDly
    main.o(.text) refers to os_task.o(.text) for OSTaskCreate
    main.o(.text) refers to main.o(.bss) for StartTaskSTK
    stm32f4xx_adc.o(.text) refers to stm32f4xx_rcc.o(.text) for RCC_APB2PeriphResetCmd
    stm32f4xx_can.o(.text) refers to stm32f4xx_rcc.o(.text) for RCC_APB1PeriphResetCmd
    stm32f4xx_dac.o(.text) refers to stm32f4xx_rcc.o(.text) for RCC_APB1PeriphResetCmd
    stm32f4xx_gpio.o(.text) refers to stm32f4xx_rcc.o(.text) for RCC_AHB1PeriphResetCmd
    stm32f4xx_i2c.o(.text) refers to stm32f4xx_rcc.o(.text) for RCC_APB1PeriphResetCmd
    stm32f4xx_pwr.o(.text) refers to stm32f4xx_rcc.o(.text) for RCC_APB1PeriphResetCmd
    stm32f4xx_rcc.o(.text) refers to stm32f4xx_rcc.o(.data) for APBAHBPrescTable
    stm32f4xx_rng.o(.text) refers to stm32f4xx_rcc.o(.text) for RCC_AHB2PeriphResetCmd
    stm32f4xx_sdio.o(.text) refers to stm32f4xx_rcc.o(.text) for RCC_APB2PeriphResetCmd
    stm32f4xx_spi.o(.text) refers to stm32f4xx_rcc.o(.text) for RCC_APB2PeriphResetCmd
    stm32f4xx_syscfg.o(.text) refers to stm32f4xx_rcc.o(.text) for RCC_APB2PeriphResetCmd
    stm32f4xx_tim.o(.text) refers to stm32f4xx_rcc.o(.text) for RCC_APB2PeriphResetCmd
    stm32f4xx_usart.o(.text) refers to stm32f4xx_rcc.o(.text) for RCC_APB2PeriphResetCmd
    stm32f4xx_wwdg.o(.text) refers to stm32f4xx_rcc.o(.text) for RCC_APB1PeriphResetCmd
    os_core.o(.text) refers to os_task.o(.text) for OSTaskStkChk
    os_core.o(.text) refers to os_time.o(.text) for OSTimeDly
    os_core.o(.text) refers to os_cpu_a.o(.text) for OS_CPU_SR_Save
    os_core.o(.text) refers to os_cpu_c.o(.text) for OSTaskStatHook
    os_core.o(.text) refers to os_core.o(.bss) for OSTCBPrioTbl
    os_core.o(.text) refers to os_core.o(.data) for OSStatRdy
    os_core.o(.text) refers to os_core.o(.constdata) for OSUnMapTbl
    os_task.o(.text) refers to os_cpu_a.o(.text) for OS_CPU_SR_Save
    os_task.o(.text) refers to os_core.o(.text) for OS_Sched
    os_task.o(.text) refers to os_cpu_c.o(.text) for OSTaskStkInit
    os_task.o(.text) refers to os_core.o(.bss) for OSTCBPrioTbl
    os_task.o(.text) refers to os_core.o(.data) for OSTCBCur
    os_time.o(.text) refers to os_cpu_a.o(.text) for OS_CPU_SR_Save
    os_time.o(.text) refers to os_core.o(.text) for OS_Sched
    os_time.o(.text) refers to os_core.o(.data) for OSIntNesting
    os_time.o(.text) refers to os_core.o(.bss) for OSTCBPrioTbl
    os_cpu_a.o(.text) refers to os_core.o(.data) for OSRunning
    os_cpu_a.o(.text) refers to os_cpu_c.o(.text) for OSTaskSwHook
    os_cpu_c.o(.text) refers to os_cpu_a.o(.text) for OS_CPU_SR_Save
    os_cpu_c.o(.text) refers to os_core.o(.text) for OSTimeTick
    os_cpu_c.o(.text) refers to stm32f4xx_rcc.o(.text) for RCC_GetClocksFreq
    os_cpu_c.o(.text) refers to os_core.o(.data) for OSIntNesting
    startup_stm32f40xx.o(STACK) refers (Special) to heapauxi.o(.text) for __use_two_region_memory
    startup_stm32f40xx.o(HEAP) refers (Special) to heapauxi.o(.text) for __use_two_region_memory
    startup_stm32f40xx.o(RESET) refers (Special) to heapauxi.o(.text) for __use_two_region_memory
    startup_stm32f40xx.o(RESET) refers to startup_stm32f40xx.o(STACK) for __initial_sp
    startup_stm32f40xx.o(RESET) refers to startup_stm32f40xx.o(.text) for Reset_Handler
    startup_stm32f40xx.o(RESET) refers to os_cpu_a.o(.text) for PendSV_Handler
    startup_stm32f40xx.o(RESET) refers to os_cpu_c.o(.text) for SysTick_Handler
    startup_stm32f40xx.o(.text) refers (Special) to heapauxi.o(.text) for __use_two_region_memory
    startup_stm32f40xx.o(.text) refers to system_stm32f4xx.o(.text) for SystemInit
    startup_stm32f40xx.o(.text) refers to __main.o(!!!main) for __main
    startup_stm32f40xx.o(.text) refers to startup_stm32f40xx.o(HEAP) for Heap_Mem
    startup_stm32f40xx.o(.text) refers to startup_stm32f40xx.o(STACK) for Stack_Mem
    system_stm32f4xx.o(.text) refers to system_stm32f4xx.o(.data) for SystemCoreClock
    __2printf.o(.text) refers to _printf_char_file.o(.text) for _printf_char_file
    __2printf.o(.text) refers to stdio_streams.o(.bss) for __stdout
    noretval__2printf.o(.text) refers to _printf_char_file.o(.text) for _printf_char_file
    noretval__2printf.o(.text) refers to stdio_streams.o(.bss) for __stdout
    __main.o(!!!main) refers to rtentry.o(.ARM.Collect$$rtentry$$00000000) for __rt_entry
    rtentry.o(.ARM.Collect$$rtentry$$00000000) refers (Special) to rtentry2.o(.ARM.Collect$$rtentry$$0000000A) for __rt_entry_li
    rtentry.o(.ARM.Collect$$rtentry$$00000000) refers (Special) to rtentry2.o(.ARM.Collect$$rtentry$$0000000D) for __rt_entry_main
[...]
    Removing stm32f4xx_dcmi.o(.text), (396 bytes).
    Removing stm32f4xx_dma.o(.rev16_text), (4 bytes).
    Removing stm32f4xx_dma.o(.revsh_text), (4 bytes).
    Removing stm32f4xx_dma.o(.text), (932 bytes).
    Removing stm32f4xx_exti.o(.rev16_text), (4 bytes).
    Removing stm32f4xx_exti.o(.revsh_text), (4 bytes).
    Removing stm32f4xx_exti.o(.text), (284 bytes).
    Removing stm32f4xx_flash.o(.rev16_text), (4 bytes).
    Removing stm32f4xx_flash.o(.revsh_text), (4 bytes).
    Removing stm32f4xx_flash.o(.text), (1280 bytes).
    Removing stm32f4xx_fsmc.o(.rev16_text), (4 bytes).
    Removing stm32f4xx_fsmc.o(.revsh_text), (4 bytes).
    Removing stm32f4xx_fsmc.o(.text), (1564 bytes).
    Removing stm32f4xx_gpio.o(.rev16_text), (4 bytes).
    Removing stm32f4xx_gpio.o(.revsh_text), (4 bytes).
    Removing stm32f4xx_gpio.o(.text), (604 bytes).
    Removing stm32f4xx_i2c.o(.rev16_text), (4 bytes).
    Removing stm32f4xx_i2c.o(.revsh_text), (4 bytes).
    Removing stm32f4xx_i2c.o(.text), (1110 bytes).
    Removing stm32f4xx_iwdg.o(.rev16_text), (4 bytes).
    Removing stm32f4xx_iwdg.o(.revsh_text), (4 bytes).
    Removing stm32f4xx_iwdg.o(.text), (64 bytes).
    Removing stm32f4xx_pwr.o(.rev16_text), (4 bytes).
    Removing stm32f4xx_pwr.o(.revsh_text), (4 bytes).
    Removing stm32f4xx_pwr.o(.text), (240 bytes).
    Removing stm32f4xx_rcc.o(.rev16_text), (4 bytes).
    Removing stm32f4xx_rcc.o(.revsh_text), (4 bytes).
    Removing stm32f4xx_rng.o(.rev16_text), (4 bytes).
    Removing stm32f4xx_rng.o(.revsh_text), (4 bytes).
    Removing stm32f4xx_rng.o(.text), (160 bytes).
    Removing stm32f4xx_rtc.o(.rev16_text), (4 bytes).
    Removing stm32f4xx_rtc.o(.revsh_text), (4 bytes).
    Removing stm32f4xx_rtc.o(.text), (3432 bytes).
    Removing stm32f4xx_sdio.o(.rev16_text), (4 bytes).
    Removing stm32f4xx_sdio.o(.revsh_text), (4 bytes).
    Removing stm32f4xx_sdio.o(.text), (484 bytes).
    Removing stm32f4xx_spi.o(.rev16_text), (4 bytes).
    Removing stm32f4xx_spi.o(.revsh_text), (4 bytes).
    Removing stm32f4xx_spi.o(.text), (1100 bytes).
    Removing stm32f4xx_syscfg.o(.rev16_text), (4 bytes).
    Removing stm32f4xx_syscfg.o(.revsh_text), (4 bytes).
    Removing stm32f4xx_syscfg.o(.text), (140 bytes).
    Removing stm32f4xx_tim.o(.rev16_text), (4 bytes).
    Removing stm32f4xx_tim.o(.revsh_text), (4 bytes).
    Removing stm32f4xx_tim.o(.text), (3234 bytes).
    Removing stm32f4xx_usart.o(.rev16_text), (4 bytes).
    Removing stm32f4xx_usart.o(.revsh_text), (4 bytes).
    Removing stm32f4xx_usart.o(.text), (1108 bytes).
    Removing stm32f4xx_wwdg.o(.rev16_text), (4 bytes).
    Removing stm32f4xx_wwdg.o(.revsh_text), (4 bytes).
    Removing stm32f4xx_wwdg.o(.text), (144 bytes).
    Removing os_cpu_c.o(.rev16_text), (4 bytes).
    Removing os_cpu_c.o(.revsh_text), (4 bytes).
    Removing os_dbg.o(.constdata), (2 bytes).
    Removing system_stm32f4xx.o(.rev16_text), (4 bytes).
    Removing system_stm32f4xx.o(.revsh_text), (4 bytes).

76 unused section(s) (total 20998 bytes) removed from the image.

==============================================================================

Image Symbol Table

    Local Symbols

    Symbol Name                              Value     Ov Type        Size  Object(Section)

    ../clib/angel/boardlib.s                 0x00000000   Number         0  boardinit1.o ABSOLUTE
    ../clib/angel/boardlib.s                 0x00000000   Number         0  boardinit3.o ABSOLUTE
    ../clib/angel/boardlib.s                 0x00000000   Number         0  boardinit2.o ABSOLUTE
    ../clib/angel/boardlib.s                 0x00000000   Number         0  boardshut.o ABSOLUTE
    ../clib/angel/handlers.s                 0x00000000   Number         0  __scatter_copy.o ABSOLUTE
    ../clib/angel/handlers.s                 0x00000000   Number         0  __scatter_zi.o ABSOLUTE
    ../clib/angel/kernel.s                   0x00000000   Number         0  rtentry4.o ABSOLUTE
    ../clib/angel/kernel.s                   0x00000000   Number         0  rtentry.o ABSOLUTE
    ../clib/angel/kernel.s                   0x00000000   Number         0  rtentry2.o ABSOLUTE
    ../clib/angel/kernel.s                   0x00000000   Number         0  rtexit2.o ABSOLUTE
    ../clib/angel/kernel.s                   0x00000000   Number         0  rtexit.o ABSOLUTE
    ../clib/angel/rt.s                       0x00000000   Number         0  rt_errno_addr_intlibspace.o ABSOLUTE
    ../clib/angel/rt.s                       0x00000000   Number         0  rt_errno_addr.o ABSOLUTE
    ../clib/angel/rt.s                       0x00000000   Number         0  rt_raise.o ABSOLUTE
    ../clib/angel/rt.s                       0x00000000   Number         0  rt_heap_descriptor.o ABSOLUTE
    ../clib/angel/rt.s                       0x00000000   Number         0  rt_heap_descriptor_intlibspace.o ABSOLUTE
    ../clib/angel/scatter.s                  0x00000000   Number         0  __scatter.o ABSOLUTE
    ../clib/angel/startup.s                  0x00000000   Number         0  __main.o ABSOLUTE
    ../clib/angel/sys.s                      0x00000000   Number         0  mutex_dummy.o ABSOLUTE
    ../clib/angel/sys.s                      0x00000000   Number         0  indicate_semi.o ABSOLUTE
    ../clib/angel/sys.s                      0x00000000   Number         0  use_no_semi.o ABSOLUTE
    ../clib/angel/sys.s                      0x00000000   Number         0  sys_stackheap_outer.o ABSOLUTE
    ../clib/angel/sys.s                      0x00000000   Number         0  libspace.o ABSOLUTE
    ../clib/angel/sysapp.c                   0x00000000   Number         0  sys_command.o ABSOLUTE
    ../clib/angel/sysapp.c                   0x00000000   Number         0  sys_exit.o ABSOLUTE
    ../clib/angel/sysapp.c                   0x00000000   Number         0  sys_io.o ABSOLUTE
    ../clib/angel/sysapp.c                   0x00000000   Number         0  sys_wrch.o ABSOLUTE
    ../clib/armsys.c                         0x00000000   Number         0  argv_veneer.o ABSOLUTE
    ../clib/armsys.c                         0x00000000   Number         0  argv_veneer.o ABSOLUTE
    ../clib/armsys.c                         0x00000000   Number         0  _get_argv_nomalloc.o ABSOLUTE
    ../clib/armsys.c                         0x00000000   Number         0  _get_argv.o ABSOLUTE
    ../clib/armsys.c                         0x00000000   Number         0  no_argv.o ABSOLUTE
    ../clib/assert.c                         0x00000000   Number         0  assert_stdio.o ABSOLUTE
    ../clib/heap1.c                          0x00000000   Number         0  h1_extend_mt.o ABSOLUTE
    ../clib/heap1.c                          0x00000000   Number         0  h1_init_mt.o ABSOLUTE
    ../clib/heap1.c                          0x00000000   Number         0  h1_init.o ABSOLUTE
    ../clib/heap1.c                          0x00000000   Number         0  h1_free.o ABSOLUTE
    ../clib/heap1.c                          0x00000000   Number         0  h1_extend.o ABSOLUTE
    ../clib/heap1.c                          0x00000000   Number         0  h1_free_mt.o ABSOLUTE
    ../clib/heap1.c                          0x00000000   Number         0  h1_alloc.o ABSOLUTE
    ../clib/heap1.c                          0x00000000   Number         0  h1_final.o ABSOLUTE
    ../clib/heap1.c                          0x00000000   Number         0  h1_final_mt.o ABSOLUTE
    ../clib/heap1.c                          0x00000000   Number         0  h1_alloc_mt.o ABSOLUTE
    ../clib/heap2.c                          0x00000000   Number         0  fdtree.o ABSOLUTE
    ../clib/heap2.c                          0x00000000   Number         0  heap2.o ABSOLUTE
    ../clib/heap2.c                          0x00000000   Number         0  heap2mt.o ABSOLUTE
    ../clib/heapalloc.c                      0x00000000   Number         0  hguard.o ABSOLUTE
    ../clib/heapalloc.c                      0x00000000   Number         0  init_alloc.o ABSOLUTE
    ../clib/heapalloc.c                      0x00000000   Number         0  malloc.o ABSOLUTE
    ../clib/heapalloc.c                      0x00000000   Number         0  heapstubs.o ABSOLUTE
    ../clib/heapalloc.c                      0x00000000   Number         0  maybetermalloc2.o ABSOLUTE
    ../clib/heapalloc.c                      0x00000000   Number         0  hrguard.o ABSOLUTE
    ../clib/heapalloc.c                      0x00000000   Number         0  term_alloc.o ABSOLUTE
    ../clib/heapalloc.c                      0x00000000   Number         0  free.o ABSOLUTE
    ../clib/heapalloc.c                      0x00000000   Number         0  maybetermalloc1.o ABSOLUTE
    ../clib/heapalloc.c                      0x00000000   Number         0  maybetermalloc2.o ABSOLUTE
    ../clib/heapalloc.c                      0x00000000   Number         0  maybetermalloc1.o ABSOLUTE
    ../clib/heapaux.c                        0x00000000   Number         0  heapauxi.o ABSOLUTE
    ../clib/heapaux.c                        0x00000000   Number         0  heapauxa.o ABSOLUTE
    ../clib/libinit.s                        0x00000000   Number         0  libshutdown2.o ABSOLUTE
    ../clib/libinit.s                        0x00000000   Number         0  libinit2.o ABSOLUTE
    ../clib/libinit.s                        0x00000000   Number         0  libinit.o ABSOLUTE
    ../clib/libinit.s                        0x00000000   Number         0  libshutdown.o ABSOLUTE
    ../clib/memcpset.s                       0x00000000   Number         0  rt_memcpy_v6.o ABSOLUTE
    ../clib/memcpset.s                       0x00000000   Number         0  rt_memcpy_w.o ABSOLUTE
    ../clib/memcpset.s                       0x00000000   Number         0  rt_memclr_w.o ABSOLUTE
    ../clib/printf.c                         0x00000000   Number         0  __printf_nopercent.o ABSOLUTE
    ../clib/printf.c                         0x00000000   Number         0  _printf_char_file_locked.o ABSOLUTE
    ../clib/printf.c                         0x00000000   Number         0  noretval__2printf.o ABSOLUTE
    ../clib/printf.c                         0x00000000   Number         0  __2printf.o ABSOLUTE
    ../clib/printf.c                         0x00000000   Number         0  _printf_char_file.o ABSOLUTE
    ../clib/printf.c                         0x00000000   Number         0  _printf_char_common.o ABSOLUTE
    ../clib/signal.c                         0x00000000   Number         0  defsig_rtred_formal.o ABSOLUTE
    ../clib/signal.c                         0x00000000   Number         0  defsig_rtred_outer.o ABSOLUTE
    ../clib/signal.c                         0x00000000   Number         0  defsig_rtred_inner.o ABSOLUTE
    ../clib/signal.c                         0x00000000   Number         0  defsig_exit.o ABSOLUTE
    ../clib/signal.c                         0x00000000   Number         0  __raise.o ABSOLUTE
    ../clib/signal.c                         0x00000000   Number         0  defsig_rtmem_outer.o ABSOLUTE
    ../clib/signal.c                         0x00000000   Number         0  defsig_rtmem_formal.o ABSOLUTE
    ../clib/signal.c                         0x00000000   Number         0  defsig_rtmem_inner.o ABSOLUTE
    ../clib/signal.c                         0x00000000   Number         0  defsig_general.o ABSOLUTE
    ../clib/signal.c                         0x00000000   Number         0  defsig_abrt_inner.o ABSOLUTE
    ../clib/signal.c                         0x00000000   Number         0  defsig_fpe_inner.o ABSOLUTE
    ../clib/signal.c                         0x00000000   Number         0  defsig_stak_inner.o ABSOLUTE
    ../clib/signal.c                         0x00000000   Number         0  defsig_pvfn_inner.o ABSOLUTE
    ../clib/signal.c                         0x00000000   Number         0  defsig_cppl_inner.o ABSOLUTE
    ../clib/signal.c                         0x00000000   Number         0  defsig_segv_inner.o ABSOLUTE
    ../clib/signal.c                         0x00000000   Number         0  defsig_other.o ABSOLUTE
    ../clib/signal.s                         0x00000000   Number         0  defsig.o ABSOLUTE
    ../clib/stdio.c                          0x00000000   Number         0  fwritefast_locked.o ABSOLUTE
    ../clib/stdio.c                          0x00000000   Number         0  fwritefast.o ABSOLUTE
    ../clib/stdio.c                          0x00000000   Number         0  stdio_streams.o ABSOLUTE
    ../clib/stdio.c                          0x00000000   Number         0  ferror.o ABSOLUTE
    ../clib/stdio.c                          0x00000000   Number         0  fputs_locked.o ABSOLUTE
    ../clib/stdio.c                          0x00000000   Number         0  fflush_locked.o ABSOLUTE
    ../clib/stdio.c                          0x00000000   Number         0  fputc.o ABSOLUTE
    ../clib/stdio.c                          0x00000000   Number         0  initio.o ABSOLUTE
    ../clib/stdio.c                          0x00000000   Number         0  ferror_locked.o ABSOLUTE
    ../clib/stdio.c                          0x00000000   Number         0  initio_locked.o ABSOLUTE
    ../clib/stdio.c                          0x00000000   Number         0  fopen_locked.o ABSOLUTE
    ../clib/stdio.c                          0x00000000   Number         0  flsbuf.o ABSOLUTE
    ../clib/stdio.c                          0x00000000   Number         0  fputc_locked.o ABSOLUTE
    ../clib/stdio.c                          0x00000000   Number         0  setvbuf_locked.o ABSOLUTE
    ../clib/stdio.c                          0x00000000   Number         0  setvbuf.o ABSOLUTE
    ../clib/stdio.c                          0x00000000   Number         0  fclose.o ABSOLUTE
    ../clib/stdio.c                          0x00000000   Number         0  streamlock.o ABSOLUTE
    ../clib/stdio.c                          0x00000000   Number         0  fseek.o ABSOLUTE
    ../clib/stdio.c                          0x00000000   Number         0  fflush.o ABSOLUTE
    ../clib/stdio.c                          0x00000000   Number         0  fputs.o ABSOLUTE
    ../clib/stdio.c                          0x00000000   Number         0  ftell.o ABSOLUTE
    ../clib/stdio.c                          0x00000000   Number         0  fopen.o ABSOLUTE
    ../clib/stdio.c                          0x00000000   Number         0  stdio.o ABSOLUTE
    ../clib/stdlib.c                         0x00000000   Number         0  exit.o ABSOLUTE
    ../clib/string.c                         0x00000000   Number         0  strlen.o ABSOLUTE
    ../clib/wchar.c                          0x00000000   Number         0  flsbuf_fwide.o ABSOLUTE
    ../fplib/fpinit.s                        0x00000000   Number         0  fpinit.o ABSOLUTE
    ..\App\main.c                            0x00000000   Number         0  main.o ABSOLUTE
    ..\Lib\CMSIS\src\startup_stm32f40xx.s    0x00000000   Number         0  startup_stm32f40xx.o ABSOLUTE
    ..\Lib\CMSIS\src\system_stm32f4xx.c      0x00000000   Number         0  system_stm32f4xx.o ABSOLUTE
    ..\Lib\STM32F4xx_StdPeriph_Driver\src\misc.c 0x00000000   Number         0  misc.o ABSOLUTE
    ..\Lib\STM32F4xx_StdPeriph_Driver\src\stm32f4xx_adc.c 0x00000000   Number         0  stm32f4xx_adc.o ABSOLUTE
    ..\Lib\STM32F4xx_StdPeriph_Driver\src\stm32f4xx_can.c 0x00000000   Number         0  stm32f4xx_can.o ABSOLUTE
    ..\Lib\STM32F4xx_StdPeriph_Driver\src\stm32f4xx_crc.c 0x00000000   Number         0  stm32f4xx_crc.o ABSOLUTE
    ..\Lib\STM32F4xx_StdPeriph_Driver\src\stm32f4xx_dac.c 0x00000000   Number         0  stm32f4xx_dac.o ABSOLUTE
    ..\Lib\STM32F4xx_StdPeriph_Driver\src\stm32f4xx_dcmi.c 0x00000000   Number         0  stm32f4xx_dcmi.o ABSOLUTE
    ..\Lib\STM32F4xx_StdPeriph_Driver\src\stm32f4xx_dma.c 0x00000000   Number         0  stm32f4xx_dma.o ABSOLUTE
    ..\Lib\STM32F4xx_StdPeriph_Driver\src\stm32f4xx_exti.c 0x00000000   Number         0  stm32f4xx_exti.o ABSOLUTE
    ..\Lib\STM32F4xx_StdPeriph_Driver\src\stm32f4xx_flash.c 0x00000000   Number         0  stm32f4xx_flash.o ABSOLUTE
    ..\Lib\STM32F4xx_StdPeriph_Driver\src\stm32f4xx_fsmc.c 0x00000000   Number         0  stm32f4xx_fsmc.o ABSOLUTE
    ..\Lib\STM32F4xx_StdPeriph_Driver\src\stm32f4xx_gpio.c 0x00000000   Number         0  stm32f4xx_gpio.o ABSOLUTE
    ..\Lib\STM32F4xx_StdPeriph_Driver\src\stm32f4xx_i2c.c 0x00000000   Number         0  stm32f4xx_i2c.o ABSOLUTE
    ..\Lib\STM32F4xx_StdPeriph_Driver\src\stm32f4xx_iwdg.c 0x00000000   Number         0  stm32f4xx_iwdg.o ABSOLUTE
    ..\Lib\STM32F4xx_StdPeriph_Driver\src\stm32f4xx_pwr.c 0x00000000   Number         0  stm32f4xx_pwr.o ABSOLUTE
    ..\Lib\STM32F4xx_StdPeriph_Driver\src\stm32f4xx_rcc.c 0x00000000   Number         0  stm32f4xx_rcc.o ABSOLUTE
    ..\Lib\STM32F4xx_StdPeriph_Driver\src\stm32f4xx_rng.c 0x00000000   Number         0  stm32f4xx_rng.o ABSOLUTE
    ..\Lib\STM32F4xx_StdPeriph_Driver\src\stm32f4xx_rtc.c 0x00000000   Number         0  stm32f4xx_rtc.o ABSOLUTE
    ..\Lib\STM32F4xx_StdPeriph_Driver\src\stm32f4xx_sdio.c 0x00000000   Number         0  stm32f4xx_sdio.o ABSOLUTE
    ..\Lib\STM32F4xx_StdPeriph_Driver\src\stm32f4xx_spi.c 0x00000000   Number         0  stm32f4xx_spi.o ABSOLUTE
    ..\Lib\STM32F4xx_StdPeriph_Driver\src\stm32f4xx_syscfg.c 0x00000000   Number         0  stm32f4xx_syscfg.o ABSOLUTE
    ..\Lib\STM32F4xx_StdPeriph_Driver\src\stm32f4xx_tim.c 0x00000000   Number         0  stm32f4xx_tim.o ABSOLUTE
    ..\Lib\STM32F4xx_StdPeriph_Driver\src\stm32f4xx_usart.c 0x00000000   Number         0  stm32f4xx_usart.o ABSOLUTE
    ..\Lib\STM32F4xx_StdPeriph_Driver\src\stm32f4xx_wwdg.c 0x00000000   Number         0  stm32f4xx_wwdg.o ABSOLUTE
    ..\\App\\main.c                          0x00000000   Number         0  main.o ABSOLUTE
    ..\\Lib\\CMSIS\\src\\system_stm32f4xx.c  0x00000000   Number         0  system_stm32f4xx.o ABSOLUTE
    ..\\Lib\\STM32F4xx_StdPeriph_Driver\\src\\misc.c 0x00000000   Number         0  misc.o ABSOLUTE
    ..\\Lib\\STM32F4xx_StdPeriph_Driver\\src\\stm32f4xx_adc.c 0x00000000   Number         0  stm32f4xx_adc.o ABSOLUTE
    ..\\Lib\\STM32F4xx_StdPeriph_Driver\\src\\stm32f4xx_can.c 0x00000000   Number         0  stm32f4xx_can.o ABSOLUTE
    ..\\Lib\\STM32F4xx_StdPeriph_Driver\\src\\stm32f4xx_crc.c 0x00000000   Number         0  stm32f4xx_crc.o ABSOLUTE
    ..\\Lib\\STM32F4xx_StdPeriph_Driver\\src\\stm32f4xx_dac.c 0x00000000   Number         0  stm32f4xx_dac.o ABSOLUTE
    ..\\Lib\\STM32F4xx_StdPeriph_Driver\\src\\stm32f4xx_dcmi.c 0x00000000   Number         0  stm32f4xx_dcmi.o ABSOLUTE
    ..\\Lib\\STM32F4xx_StdPeriph_Driver\\src\\stm32f4xx_dma.c 0x00000000   Number         0  stm32f4xx_dma.o ABSOLUTE
    ..\\Lib\\STM32F4xx_StdPeriph_Driver\\src\\stm32f4xx_exti.c 0x00000000   Number         0  stm32f4xx_exti.o ABSOLUTE
    ..\\Lib\\STM32F4xx_StdPeriph_Driver\\src\\stm32f4xx_flash.c 0x00000000   Number         0  stm32f4xx_flash.o ABSOLUTE
    ..\\Lib\\STM32F4xx_StdPeriph_Driver\\src\\stm32f4xx_fsmc.c 0x00000000   Number         0  stm32f4xx_fsmc.o ABSOLUTE
    ..\\Lib\\STM32F4xx_StdPeriph_Driver\\src\\stm32f4xx_gpio.c 0x00000000   Number         0  stm32f4xx_gpio.o ABSOLUTE
    ..\\Lib\\STM32F4xx_StdPeriph_Driver\\src\\stm32f4xx_i2c.c 0x00000000   Number         0  stm32f4xx_i2c.o ABSOLUTE
    ..\\Lib\\STM32F4xx_StdPeriph_Driver\\src\\stm32f4xx_iwdg.c 0x00000000   Number         0  stm32f4xx_iwdg.o ABSOLUTE
    ..\\Lib\\STM32F4xx_StdPeriph_Driver\\src\\stm32f4xx_pwr.c 0x00000000   Number         0  stm32f4xx_pwr.o ABSOLUTE
    ..\\Lib\\STM32F4xx_StdPeriph_Driver\\src\\stm32f4xx_rcc.c 0x00000000   Number         0  stm32f4xx_rcc.o ABSOLUTE
    ..\\Lib\\STM32F4xx_StdPeriph_Driver\\src\\stm32f4xx_rng.c 0x00000000   Number         0  stm32f4xx_rng.o ABSOLUTE
    ..\\Lib\\STM32F4xx_StdPeriph_Driver\\src\\stm32f4xx_rtc.c 0x00000000   Number         0  stm32f4xx_rtc.o ABSOLUTE
    ..\\Lib\\STM32F4xx_StdPeriph_Driver\\src\\stm32f4xx_sdio.c 0x00000000   Number         0  stm32f4xx_sdio.o ABSOLUTE
    ..\\Lib\\STM32F4xx_StdPeriph_Driver\\src\\stm32f4xx_spi.c 0x00000000   Number         0  stm32f4xx_spi.o ABSOLUTE
    ..\\Lib\\STM32F4xx_StdPeriph_Driver\\src\\stm32f4xx_syscfg.c 0x00000000   Number         0  stm32f4xx_syscfg.o ABSOLUTE
    ..\\Lib\\STM32F4xx_StdPeriph_Driver\\src\\stm32f4xx_tim.c 0x00000000   Number         0  stm32f4xx_tim.o ABSOLUTE
    ..\\Lib\\STM32F4xx_StdPeriph_Driver\\src\\stm32f4xx_usart.c 0x00000000   Number         0  stm32f4xx_usart.o ABSOLUTE
    ..\\Lib\\STM32F4xx_StdPeriph_Driver\\src\\stm32f4xx_wwdg.c 0x00000000   Number         0  stm32f4xx_wwdg.o ABSOLUTE
    ..\\uCOSII\\port\\os_cpu_c.c             0x00000000   Number         0  os_cpu_c.o ABSOLUTE
    ..\uCOSII\core\os_core.c                 0x00000000   Number         0  os_core.o ABSOLUTE
    ..\uCOSII\core\os_flag.c                 0x00000000   Number         0  os_flag.o ABSOLUTE
    ..\uCOSII\core\os_mbox.c                 0x00000000   Number         0  os_mbox.o ABSOLUTE
    ..\uCOSII\core\os_mem.c                  0x00000000   Number         0  os_mem.o ABSOLUTE
    ..\uCOSII\core\os_mutex.c                0x00000000   Number         0  os_mutex.o ABSOLUTE
    ..\uCOSII\core\os_q.c                    0x00000000   Number         0  os_q.o ABSOLUTE
    ..\uCOSII\core\os_sem.c                  0x00000000   Number         0  os_sem.o ABSOLUTE
    ..\uCOSII\core\os_task.c                 0x00000000   Number         0  os_task.o ABSOLUTE
    ..\uCOSII\core\os_time.c                 0x00000000   Number         0  os_time.o ABSOLUTE
    ..\uCOSII\core\os_tmr.c                  0x00000000   Number         0  os_tmr.o ABSOLUTE
    ..\uCOSII\port\os_cpu_a.asm              0x00000000   Number         0  os_cpu_a.o ABSOLUTE
    ..\uCOSII\port\os_cpu_c.c                0x00000000   Number         0  os_cpu_c.o ABSOLUTE
    ..\uCOSII\port\os_dbg.c                  0x00000000   Number         0  os_dbg.o ABSOLUTE
    dc.s                                     0x00000000   Number         0  dc.o ABSOLUTE
    RESET                                    0x08000000   Section      392  startup_stm32f40xx.o(RESET)
    !!!main                                  0x08000188   Section        8  __main.o(!!!main)
    !!!scatter                               0x08000190   Section       52  __scatter.o(!!!scatter)
    !!handler_copy                           0x080001c4   Section       26  __scatter_copy.o(!!handler_copy)
    !!handler_zi                             0x080001e0   Section       28  __scatter_zi.o(!!handler_zi)
    .ARM.Collect$$libinit$$00000000          0x080001fc   Section        2  libinit.o(.ARM.Collect$$libinit$$00000000)
    .ARM.Collect$$libinit$$00000001          0x080001fe   Section        4  libinit2.o(.ARM.Collect$$libinit$$00000001)
    .ARM.Collect$$libinit$$00000003          0x08000202   Section        8  libinit2.o(.ARM.Collect$$libinit$$00000003)
    .ARM.Collect$$libinit$$00000008          0x0800020a   Section        0  libinit2.o(.ARM.Collect$$libinit$$00000008)
    .ARM.Collect$$libinit$$0000000A          0x0800020a   Section        0  libinit2.o(.ARM.Collect$$libinit$$0000000A)
    .ARM.Collect$$libinit$$0000000C          0x0800020a   Section        0  libinit2.o(.ARM.Collect$$libinit$$0000000C)
    .ARM.Collect$$libinit$$0000000F          0x0800020a   Section        0  libinit2.o(.ARM.Collect$$libinit$$0000000F)
    .ARM.Collect$$libinit$$00000011          0x0800020a   Section        0  libinit2.o(.ARM.Collect$$libinit$$00000011)
    .ARM.Collect$$libinit$$00000013          0x0800020a   Section        0  libinit2.o(.ARM.Collect$$libinit$$00000013)
    .ARM.Collect$$libinit$$00000015          0x0800020a   Section        0  libinit2.o(.ARM.Collect$$libinit$$00000015)
    .ARM.Collect$$libinit$$00000017          0x0800020a   Section        0  libinit2.o(.ARM.Collect$$libinit$$00000017)
    .ARM.Collect$$libinit$$00000019          0x0800020a   Section        0  libinit2.o(.ARM.Collect$$libinit$$00000019)
    .ARM.Collect$$libinit$$0000001B          0x0800020a   Section        0  libinit2.o(.ARM.Collect$$libinit$$0000001B)
    .ARM.Collect$$libinit$$0000001D          0x0800020a   Section        0  libinit2.o(.ARM.Collect$$libinit$$0000001D)
    .ARM.Collect$$libinit$$0000001F          0x0800020a   Section        0  libinit2.o(.ARM.Collect$$libinit$$0000001F)
    .ARM.Collect$$libinit$$00000021          0x0800020a   Section        0  libinit2.o(.ARM.Collect$$libinit$$00000021)
    .ARM.Collect$$libinit$$00000022          0x0800020a   Section        4  libinit2.o(.ARM.Collect$$libinit$$00000022)
    .ARM.Collect$$libinit$$00000023          0x0800020e   Section        0  libinit2.o(.ARM.Collect$$libinit$$00000023)
    .ARM.Collect$$libinit$$0000002A          0x0800020e   Section        0  libinit2.o(.ARM.Collect$$libinit$$0000002A)
    .ARM.Collect$$libinit$$0000002C          0x0800020e   Section        0  libinit2.o(.ARM.Collect$$libinit$$0000002C)
    .ARM.Collect$$libinit$$0000002E          0x0800020e   Section        0  libinit2.o(.ARM.Collect$$libinit$$0000002E)
    .ARM.Collect$$libinit$$00000030          0x0800020e   Section        0  libinit2.o(.ARM.Collect$$libinit$$00000030)
    .ARM.Collect$$libinit$$00000031          0x0800020e   Section        2  libinit2.o(.ARM.Collect$$libinit$$00000031)
    .ARM.Collect$$libshutdown$$00000000      0x08000210   Section        2  libshutdown.o(.ARM.Collect$$libshutdown$$00000000)
    .ARM.Collect$$libshutdown$$00000002      0x08000212   Section        4  libshutdown2.o(.ARM.Collect$$libshutdown$$00000002)
    .ARM.Collect$$libshutdown$$00000003      0x08000216   Section        0  libshutdown2.o(.ARM.Collect$$libshutdown$$00000003)
    .ARM.Collect$$libshutdown$$00000006      0x08000216   Section        0  libshutdown2.o(.ARM.Collect$$libshutdown$$00000006)
    .ARM.Collect$$libshutdown$$00000009      0x08000216   Section        0  libshutdown2.o(.ARM.Collect$$libshutdown$$00000009)
    .ARM.Collect$$libshutdown$$0000000B      0x08000216   Section        0  libshutdown2.o(.ARM.Collect$$libshutdown$$0000000B)
    .ARM.Collect$$libshutdown$$0000000E      0x08000216   Section        0  libshutdown2.o(.ARM.Collect$$libshutdown$$0000000E)
    .ARM.Collect$$libshutdown$$0000000F      0x08000216   Section        2  libshutdown2.o(.ARM.Collect$$libshutdown$$0000000F)
    .ARM.Collect$$rtentry$$00000000          0x08000218   Section        0  rtentry.o(.ARM.Collect$$rtentry$$00000000)
    .ARM.Collect$$rtentry$$00000002          0x08000218   Section        0  rtentry2.o(.ARM.Collect$$rtentry$$00000002)
    .ARM.Collect$$rtentry$$00000004          0x08000218   Section        6  rtentry4.o(.ARM.Collect$$rtentry$$00000004)
    .ARM.Collect$$rtentry$$00000009          0x0800021e   Section        0  rtentry2.o(.ARM.Collect$$rtentry$$00000009)
    .ARM.Collect$$rtentry$$0000000A          0x0800021e   Section        4  rtentry2.o(.ARM.Collect$$rtentry$$0000000A)
    .ARM.Collect$$rtentry$$0000000C          0x08000222   Section        0  rtentry2.o(.ARM.Collect$$rtentry$$0000000C)
    .ARM.Collect$$rtentry$$0000000D          0x08000222   Section        8  rtentry2.o(.ARM.Collect$$rtentry$$0000000D)
    .ARM.Collect$$rtexit$$00000000           0x0800022a   Section        2  rtexit.o(.ARM.Collect$$rtexit$$00000000)
    .ARM.Collect$$rtexit$$00000002           0x0800022c   Section        0  rtexit2.o(.ARM.Collect$$rtexit$$00000002)
    .ARM.Collect$$rtexit$$00000003           0x0800022c   Section        4  rtexit2.o(.ARM.Collect$$rtexit$$00000003)
    .ARM.Collect$$rtexit$$00000004           0x08000230   Section        6  rtexit2.o(.ARM.Collect$$rtexit$$00000004)
    .emb_text                                0x08000238   Section        0  maybetermalloc1.o(.emb_text)
    .text                                    0x08000238   Section        0  main.o(.text)
    .text                                    0x08000280   Section        0  stm32f4xx_rcc.o(.text)
    .text                                    0x08000818   Section        0  os_core.o(.text)
    OS_InitTaskStat                          0x080008db   Thumb Code    52  os_core.o(.text)
    OS_InitTaskIdle                          0x08000931   Thumb Code    52  os_core.o(.text)
    OS_InitEventList                         0x08000965   Thumb Code     2  os_core.o(.text)
    OS_InitTCBList                           0x08000979   Thumb Code    94  os_core.o(.text)
    OS_InitRdyList                           0x080009d7   Thumb Code    44  os_core.o(.text)
    OS_InitMisc                              0x08000a03   Thumb Code    44  os_core.o(.text)
    OS_SchedNew                              0x08000a6f   Thumb Code    26  os_core.o(.text)
    .text                                    0x08000f30   Section        0  os_task.o(.text)
    .text                                    0x0800169c   Section        0  os_time.o(.text)
    .text                                    0x08001854   Section      176  os_cpu_a.o(.text)
    $v0                                      0x08001854   Number         0  os_cpu_a.o(.text)
    .text                                    0x08001904   Section        0  os_cpu_c.o(.text)
    .text                                    0x08001b80   Section       64  startup_stm32f40xx.o(.text)
    $v0                                      0x08001b80   Number         0  startup_stm32f40xx.o(.text)
    .text                                    0x08001bc0   Section        0  system_stm32f4xx.o(.text)
    SetSysClock                              0x08001bc1   Thumb Code   218  system_stm32f4xx.o(.text)
    .text                                    0x08001dcc   Section        0  noretval__2printf.o(.text)
    .text                                    0x08001de4   Section        0  heapauxi.o(.text)
    .text                                    0x08001dec   Section        0  _printf_char_file.o(.text)
    .text                                    0x08001e10   Section        0  _printf_char_common.o(.text)
    _printf_input_char                       0x08001e11   Thumb Code    10  _printf_char_common.o(.text)
    .text                                    0x08001e40   Section        0  ferror.o(.text)
    .text                                    0x08001e48   Section        0  initio.o(.text)
    .text                                    0x08001f80   Section        0  sys_io.o(.text)
    .text                                    0x08001fe6   Section       74  sys_stackheap_outer.o(.text)
    .text                                    0x08002030   Section        0  h1_free.o(.text)
    .text                                    0x0800207e   Section        0  __printf_nopercent.o(.text)
    .text                                    0x080020a4   Section        0  flsbuf.o(.text)
    .text                                    0x08002282   Section        0  setvbuf.o(.text)
    .text                                    0x080022c8   Section        0  fopen.o(.text)
    _freopen_locked                          0x080022c9   Thumb Code     0  fopen.o(.text)
    .text                                    0x080023b4   Section        0  fclose.o(.text)
    .text                                    0x08002400   Section        0  exit.o(.text)
    .text                                    0x0800240c   Section        0  defsig_rtred_outer.o(.text)
    .text                                    0x0800241a   Section       78  rt_memclr_w.o(.text)
    .text                                    0x08002468   Section        8  libspace.o(.text)
    .text                                    0x08002470   Section        2  use_no_semi.o(.text)
    .text                                    0x08002472   Section        0  indicate_semi.o(.text)
    .text                                    0x08002474   Section        8  rt_heap_descriptor_intlibspace.o(.text)
    .text                                    0x0800247c   Section        0  hguard.o(.text)
    .text                                    0x08002480   Section        0  init_alloc.o(.text)
    .text                                    0x0800250a   Section        0  h1_alloc.o(.text)
    .text                                    0x08002568   Section        0  fseek.o(.text)
    .text                                    0x08002660   Section        0  stdio.o(.text)
    .text                                    0x08002750   Section        0  defsig_exit.o(.text)
    .text                                    0x0800275c   Section        0  defsig_rtred_inner.o(.text)
    .text                                    0x08002790   Section        0  strlen.o(.text)
    .text                                    0x080027d0   Section        0  sys_exit.o(.text)
    .text                                    0x080027dc   Section        0  h1_init.o(.text)
    .text                                    0x080027ea   Section        0  h1_extend.o(.text)
    .text                                    0x0800281e   Section        0  ftell.o(.text)
    .text                                    0x08002864   Section        0  defsig_general.o(.text)
    .text                                    0x08002896   Section        0  defsig_rtmem_outer.o(.text)
    .text                                    0x080028a4   Section        0  sys_wrch.o(.text)
    .text                                    0x080028b4   Section        8  rt_errno_addr_intlibspace.o(.text)
    .text                                    0x080028bc   Section        0  defsig_rtmem_inner.o(.text)
    i.fputc                                  0x0800290c   Section        0  fputc.o(i.fputc)
    x$fpl$fpinit                             0x08002926   Section       10  fpinit.o(x$fpl$fpinit)
    $v0                                      0x08002926   Number         0  fpinit.o(x$fpl$fpinit)
    .constdata                               0x08002930   Section      256  os_core.o(.constdata)
    .constdata                               0x08002a30   Section        4  sys_io.o(.constdata)
    .constdata                               0x08002a34   Section        4  sys_io.o(.constdata)
    .constdata                               0x08002a38   Section        4  sys_io.o(.constdata)
    .data                                    0x20000000   Section       16  stm32f4xx_rcc.o(.data)
    APBAHBPrescTable                         0x20000000   Data          16  stm32f4xx_rcc.o(.data)
    .data                                    0x20000010   Section       60  os_core.o(.data)
    .data                                    0x2000004c   Section       20  system_stm32f4xx.o(.data)
    .data                                    0x20000060   Section        4  stdio_streams.o(.data)
    .data                                    0x20000064   Section        4  stdio_streams.o(.data)
    .data                                    0x20000068   Section        4  stdio_streams.o(.data)
    .bss                                     0x2000006c   Section     2048  main.o(.bss)
    .bss                                     0x2000086c   Section     2776  os_core.o(.bss)
    .bss                                     0x20001344   Section       84  stdio_streams.o(.bss)
    .bss                                     0x20001398   Section       84  stdio_streams.o(.bss)
    .bss                                     0x200013ec   Section       84  stdio_streams.o(.bss)
    .bss                                     0x20001440   Section       96  libspace.o(.bss)
    HEAP                                     0x200014a0   Section      512  startup_stm32f40xx.o(HEAP)
    Heap_Mem                                 0x200014a0   Data         512  startup_stm32f40xx.o(HEAP)
    STACK                                    0x200016a0   Section     1024  startup_stm32f40xx.o(STACK)
    Stack_Mem                                0x200016a0   Data        1024  startup_stm32f40xx.o(STACK)
    __initial_sp                             0x20001aa0   Data           0  startup_stm32f40xx.o(STACK)

    Global Symbols

    Symbol Name                              Value     Ov Type        Size  Object(Section)

    BuildAttributes$$THM_ISAv4$E$P$D$K$B$S$7EM$VFPi3$EXTD16$VFPS$VFMA$PE$A:L22UL41UL21$X:L11$S22US41US21$IEEE1$IW$USESV6$~STKCKD$USESV7$~SHL$OTIME$ROPI$EBA8$UX$STANDARDLIB$REQ8$PRES8$EABIv2 0x00000000   Number         0  anon$$obj.o ABSOLUTE
    __ARM_use_no_argv                        0x00000000   Number         0  main.o ABSOLUTE
    __ARM_exceptions_init                     - Undefined Weak Reference
    __alloca_initialize                       - Undefined Weak Reference
    __cpp_initialize__aeabi_                  - Undefined Weak Reference
    __cxa_finalize                            - Undefined Weak Reference
    __rt_locale                               - Undefined Weak Reference
    __sigvec_lookup                           - Undefined Weak Reference
    __user_heap_extent                        - Undefined Weak Reference
    _atexit_init                              - Undefined Weak Reference
    _call_atexit_fns                          - Undefined Weak Reference
    _clock_init                               - Undefined Weak Reference
    _fp_trap_init                             - Undefined Weak Reference
    _fp_trap_shutdown                         - Undefined Weak Reference
    _get_lc_collate                           - Undefined Weak Reference
    _get_lc_ctype                             - Undefined Weak Reference
    _get_lc_monetary                          - Undefined Weak Reference
    _get_lc_numeric                           - Undefined Weak Reference
    _get_lc_time                              - Undefined Weak Reference
    _getenv_init                              - Undefined Weak Reference
    _handle_redirection                       - Undefined Weak Reference
    _mutex_acquire                            - Undefined Weak Reference
    _mutex_free                               - Undefined Weak Reference
    _mutex_release                            - Undefined Weak Reference
    _rand_init                                - Undefined Weak Reference
    _signal_finish                            - Undefined Weak Reference
    _signal_init                              - Undefined Weak Reference
    __Vectors_Size                           0x00000188   Number         0  startup_stm32f40xx.o ABSOLUTE
    __Vectors                                0x08000000   Data           4  startup_stm32f40xx.o(RESET)
    __Vectors_End                            0x08000188   Data           0  startup_stm32f40xx.o(RESET)
    __main                                   0x08000189   Thumb Code     8  __main.o(!!!main)
    __scatterload                            0x08000191   Thumb Code     0  __scatter.o(!!!scatter)
    __scatterload_rt2                        0x08000191   Thumb Code    44  __scatter.o(!!!scatter)
    __scatterload_rt2_thumb_only             0x08000191   Thumb Code     0  __scatter.o(!!!scatter)
    __scatterload_null                       0x0800019f   Thumb Code     0  __scatter.o(!!!scatter)
    __scatterload_copy                       0x080001c5   Thumb Code    26  __scatter_copy.o(!!handler_copy)
    __scatterload_zeroinit                   0x080001e1   Thumb Code    28  __scatter_zi.o(!!handler_zi)
    __rt_lib_init                            0x080001fd   Thumb Code     0  libinit.o(.ARM.Collect$$libinit$$00000000)
    __rt_lib_init_fp_1                       0x080001ff   Thumb Code     0  libinit2.o(.ARM.Collect$$libinit$$00000001)
    __rt_lib_init_heap_2                     0x08000203   Thumb Code     0  libinit2.o(.ARM.Collect$$libinit$$00000003)
    __rt_lib_init_atexit_1                   0x0800020b   Thumb Code     0  libinit2.o(.ARM.Collect$$libinit$$00000019)
    __rt_lib_init_clock_1                    0x0800020b   Thumb Code     0  libinit2.o(.ARM.Collect$$libinit$$0000001F)
    __rt_lib_init_fp_trap_1                  0x0800020b   Thumb Code     0  libinit2.o(.ARM.Collect$$libinit$$0000001D)
    __rt_lib_init_getenv_1                   0x0800020b   Thumb Code     0  libinit2.o(.ARM.Collect$$libinit$$00000021)
    __rt_lib_init_heap_1                     0x0800020b   Thumb Code     0  libinit2.o(.ARM.Collect$$libinit$$00000008)
    __rt_lib_init_lc_collate_1               0x0800020b   Thumb Code     0  libinit2.o(.ARM.Collect$$libinit$$0000000F)
    __rt_lib_init_lc_ctype_1                 0x0800020b   Thumb Code     0  libinit2.o(.ARM.Collect$$libinit$$00000011)
    __rt_lib_init_lc_monetary_1              0x0800020b   Thumb Code     0  libinit2.o(.ARM.Collect$$libinit$$00000013)
    __rt_lib_init_lc_numeric_1               0x0800020b   Thumb Code     0  libinit2.o(.ARM.Collect$$libinit$$00000015)
    __rt_lib_init_lc_time_1                  0x0800020b   Thumb Code     0  libinit2.o(.ARM.Collect$$libinit$$00000017)
    __rt_lib_init_rand_1                     0x0800020b   Thumb Code     0  libinit2.o(.ARM.Collect$$libinit$$0000000C)
    __rt_lib_init_signal_1                   0x0800020b   Thumb Code     0  libinit2.o(.ARM.Collect$$libinit$$0000001B)
    __rt_lib_init_stdio_2                    0x0800020b   Thumb Code     0  libinit2.o(.ARM.Collect$$libinit$$00000022)
    __rt_lib_init_user_alloc_1               0x0800020b   Thumb Code     0  libinit2.o(.ARM.Collect$$libinit$$0000000A)
    __rt_lib_init_alloca_1                   0x0800020f   Thumb Code     0  libinit2.o(.ARM.Collect$$libinit$$0000002C)
    __rt_lib_init_argv_1                     0x0800020f   Thumb Code     0  libinit2.o(.ARM.Collect$$libinit$$0000002A)
    __rt_lib_init_cpp_1                      0x0800020f   Thumb Code     0  libinit2.o(.ARM.Collect$$libinit$$00000030)
    __rt_lib_init_exceptions_1               0x0800020f   Thumb Code     0  libinit2.o(.ARM.Collect$$libinit$$0000002E)
    __rt_lib_init_return                     0x0800020f   Thumb Code     0  libinit2.o(.ARM.Collect$$libinit$$00000031)
    __rt_lib_init_stdio_1                    0x0800020f   Thumb Code     0  libinit2.o(.ARM.Collect$$libinit$$00000023)
    __rt_lib_shutdown                        0x08000211   Thumb Code     0  libshutdown.o(.ARM.Collect$$libshutdown$$00000000)
    __rt_lib_shutdown_stdio_2                0x08000213   Thumb Code     0  libshutdown2.o(.ARM.Collect$$libshutdown$$00000002)
    __rt_lib_shutdown_fp_trap_1              0x08000217   Thumb Code     0  libshutdown2.o(.ARM.Collect$$libshutdown$$00000006)
    __rt_lib_shutdown_heap_1                 0x08000217   Thumb Code     0  libshutdown2.o(.ARM.Collect$$libshutdown$$0000000E)
    __rt_lib_shutdown_return                 0x08000217   Thumb Code     0  libshutdown2.o(.ARM.Collect$$libshutdown$$0000000F)
    __rt_lib_shutdown_signal_1               0x08000217   Thumb Code     0  libshutdown2.o(.ARM.Collect$$libshutdown$$00000009)
    __rt_lib_shutdown_stdio_1                0x08000217   Thumb Code     0  libshutdown2.o(.ARM.Collect$$libshutdown$$00000003)
    __rt_lib_shutdown_user_alloc_1           0x08000217   Thumb Code     0  libshutdown2.o(.ARM.Collect$$libshutdown$$0000000B)
    __rt_entry                               0x08000219   Thumb Code     0  rtentry.o(.ARM.Collect$$rtentry$$00000000)
    __rt_entry_presh_1                       0x08000219   Thumb Code     0  rtentry2.o(.ARM.Collect$$rtentry$$00000002)
    __rt_entry_sh                            0x08000219   Thumb Code     0  rtentry4.o(.ARM.Collect$$rtentry$$00000004)
    __rt_entry_li                            0x0800021f   Thumb Code     0  rtentry2.o(.ARM.Collect$$rtentry$$0000000A)
    __rt_entry_postsh_1                      0x0800021f   Thumb Code     0  rtentry2.o(.ARM.Collect$$rtentry$$00000009)
    __rt_entry_main                          0x08000223   Thumb Code     0  rtentry2.o(.ARM.Collect$$rtentry$$0000000D)
    __rt_entry_postli_1                      0x08000223   Thumb Code     0  rtentry2.o(.ARM.Collect$$rtentry$$0000000C)
    __rt_exit                                0x0800022b   Thumb Code     0  rtexit.o(.ARM.Collect$$rtexit$$00000000)
    __rt_exit_ls                             0x0800022d   Thumb Code     0  rtexit2.o(.ARM.Collect$$rtexit$$00000003)
    __rt_exit_prels_1                        0x0800022d   Thumb Code     0  rtexit2.o(.ARM.Collect$$rtexit$$00000002)
    __rt_exit_exit                           0x08000231   Thumb Code     0  rtexit2.o(.ARM.Collect$$rtexit$$00000004)
    StartTask                                0x08000239   Thumb Code    32  main.o(.text)
    _maybe_terminate_alloc                   0x08000239   Thumb Code     0  maybetermalloc1.o(.emb_text)
    main                                     0x08000259   Thumb Code    28  main.o(.text)
    RCC_DeInit                               0x08000281   Thumb Code    68  stm32f4xx_rcc.o(.text)
    RCC_HSEConfig                            0x080002c5   Thumb Code    14  stm32f4xx_rcc.o(.text)
    RCC_GetFlagStatus                        0x080002d3   Thumb Code    60  stm32f4xx_rcc.o(.text)
    RCC_WaitForHSEStartUp                    0x0800030f   Thumb Code    56  stm32f4xx_rcc.o(.text)
    RCC_AdjustHSICalibrationValue            0x08000347   Thumb Code    20  stm32f4xx_rcc.o(.text)
    RCC_HSICmd                               0x0800035b   Thumb Code     6  stm32f4xx_rcc.o(.text)
    RCC_LSEConfig                            0x08000361   Thumb Code    46  stm32f4xx_rcc.o(.text)
    RCC_LSICmd                               0x0800038f   Thumb Code     6  stm32f4xx_rcc.o(.text)
    RCC_PLLConfig                            0x08000395   Thumb Code    32  stm32f4xx_rcc.o(.text)
    RCC_PLLCmd                               0x080003b5   Thumb Code     6  stm32f4xx_rcc.o(.text)
    RCC_PLLI2SConfig                         0x080003bb   Thumb Code    14  stm32f4xx_rcc.o(.text)
    RCC_PLLI2SCmd                            0x080003c9   Thumb Code     6  stm32f4xx_rcc.o(.text)
    RCC_ClockSecuritySystemCmd               0x080003cf   Thumb Code     6  stm32f4xx_rcc.o(.text)
    RCC_MCO1Config                           0x080003d5   Thumb Code    28  stm32f4xx_rcc.o(.text)
    RCC_MCO2Config                           0x080003f1   Thumb Code    28  stm32f4xx_rcc.o(.text)
    RCC_SYSCLKConfig                         0x0800040d   Thumb Code    20  stm32f4xx_rcc.o(.text)
    RCC_GetSYSCLKSource                      0x08000421   Thumb Code    12  stm32f4xx_rcc.o(.text)
    RCC_HCLKConfig                           0x0800042d   Thumb Code    20  stm32f4xx_rcc.o(.text)
    RCC_PCLK1Config                          0x08000441   Thumb Code    20  stm32f4xx_rcc.o(.text)
    RCC_PCLK2Config                          0x08000455   Thumb Code    22  stm32f4xx_rcc.o(.text)
    RCC_GetClocksFreq                        0x0800046b   Thumb Code   222  stm32f4xx_rcc.o(.text)
    RCC_RTCCLKConfig                         0x08000549   Thumb Code    54  stm32f4xx_rcc.o(.text)
    RCC_RTCCLKCmd                            0x0800057f   Thumb Code     8  stm32f4xx_rcc.o(.text)
    RCC_BackupResetCmd                       0x08000587   Thumb Code     8  stm32f4xx_rcc.o(.text)
    RCC_I2SCLKConfig                         0x0800058f   Thumb Code     6  stm32f4xx_rcc.o(.text)
    RCC_TIMCLKPresConfig                     0x08000595   Thumb Code     6  stm32f4xx_rcc.o(.text)
    RCC_AHB1PeriphClockCmd                   0x0800059b   Thumb Code    34  stm32f4xx_rcc.o(.text)
    RCC_AHB2PeriphClockCmd                   0x080005bd   Thumb Code    34  stm32f4xx_rcc.o(.text)
    RCC_AHB3PeriphClockCmd                   0x080005df   Thumb Code    34  stm32f4xx_rcc.o(.text)
    RCC_APB1PeriphClockCmd                   0x08000601   Thumb Code    34  stm32f4xx_rcc.o(.text)
    RCC_APB2PeriphClockCmd                   0x08000623   Thumb Code    34  stm32f4xx_rcc.o(.text)
    RCC_AHB1PeriphResetCmd                   0x08000645   Thumb Code    84  stm32f4xx_rcc.o(.text)
    RCC_AHB2PeriphResetCmd                   0x08000699   Thumb Code    26  stm32f4xx_rcc.o(.text)
    RCC_AHB3PeriphResetCmd                   0x080006b3   Thumb Code    34  stm32f4xx_rcc.o(.text)
    RCC_APB1PeriphResetCmd                   0x080006d5   Thumb Code    34  stm32f4xx_rcc.o(.text)
    RCC_APB2PeriphResetCmd                   0x080006f7   Thumb Code    34  stm32f4xx_rcc.o(.text)
    RCC_AHB1PeriphClockLPModeCmd             0x08000719   Thumb Code    34  stm32f4xx_rcc.o(.text)
    RCC_AHB2PeriphClockLPModeCmd             0x0800073b   Thumb Code    34  stm32f4xx_rcc.o(.text)
    RCC_AHB3PeriphClockLPModeCmd             0x0800075d   Thumb Code    34  stm32f4xx_rcc.o(.text)
    RCC_APB1PeriphClockLPModeCmd             0x0800077f   Thumb Code    34  stm32f4xx_rcc.o(.text)
    RCC_APB2PeriphClockLPModeCmd             0x080007a1   Thumb Code    34  stm32f4xx_rcc.o(.text)
    RCC_ITConfig                             0x080007c3   Thumb Code    34  stm32f4xx_rcc.o(.text)
    RCC_ClearFlag                            0x080007e5   Thumb Code    18  stm32f4xx_rcc.o(.text)
    RCC_GetITStatus                          0x080007f7   Thumb Code    22  stm32f4xx_rcc.o(.text)
    RCC_ClearITPendingBit                    0x0800080d   Thumb Code     8  stm32f4xx_rcc.o(.text)
    OS_TaskStatStkChk                        0x08000819   Thumb Code    54  os_core.o(.text)
    OS_TaskStat                              0x0800084f   Thumb Code   140  os_core.o(.text)
    OS_TaskIdle                              0x0800090f   Thumb Code    34  os_core.o(.text)
    OS_MemClr                                0x08000967   Thumb Code    18  os_core.o(.text)
    OSInit                                   0x08000a2f   Thumb Code    36  os_core.o(.text)
    OSIntEnter                               0x08000a53   Thumb Code    28  os_core.o(.text)
    OSIntExit                                0x08000a89   Thumb Code   112  os_core.o(.text)
    OSSchedLock                              0x08000af9   Thumb Code    50  os_core.o(.text)
    OS_Sched                                 0x08000b2b   Thumb Code    88  os_core.o(.text)
    OSSchedUnlock                            0x08000b83   Thumb Code    82  os_core.o(.text)
    OSStart                                  0x08000bd5   Thumb Code   188  os_core.o(.text)
    OSStatInit                               0x08000c91   Thumb Code    62  os_core.o(.text)
    OSTimeTick                               0x08000ccf   Thumb Code   218  os_core.o(.text)
    OSVersion                                0x08000da9   Thumb Code     6  os_core.o(.text)
    OS_Dummy                                 0x08000daf   Thumb Code     2  os_core.o(.text)
    OS_MemCopy                               0x08000db1   Thumb Code    20  os_core.o(.text)
    OS_StrLen                                0x08000dc5   Thumb Code    20  os_core.o(.text)
    OS_TCBInit                               0x08000dd9   Thumb Code   296  os_core.o(.text)
    OSTaskChangePrio                         0x08000f31   Thumb Code   244  os_task.o(.text)
    OSTaskCreate                             0x08001025   Thumb Code   148  os_task.o(.text)
    OS_TaskStkClr                            0x080010b9   Thumb Code    26  os_task.o(.text)
    OSTaskCreateExt                          0x080010d3   Thumb Code   170  os_task.o(.text)
    OSTaskDel                                0x0800117d   Thumb Code   268  os_task.o(.text)
    OSTaskDelReq                             0x08001289   Thumb Code   100  os_task.o(.text)
    OSTaskNameGet                            0x080012ed   Thumb Code   160  os_task.o(.text)
    OSTaskNameSet                            0x0800138d   Thumb Code    98  os_task.o(.text)
    OSTaskResume                             0x080013ef   Thumb Code   160  os_task.o(.text)
    OSTaskStkChk                             0x0800148f   Thumb Code   128  os_task.o(.text)
    OSTaskSuspend                            0x0800150f   Thumb Code   152  os_task.o(.text)
    OSTaskQuery                              0x080015a7   Thumb Code    82  os_task.o(.text)
    OSTaskRegGet                             0x080015f9   Thumb Code    60  os_task.o(.text)
    OSTaskRegSet                             0x08001635   Thumb Code    62  os_task.o(.text)
    OS_TaskReturn                            0x08001673   Thumb Code    18  os_task.o(.text)
    OSTimeDly                                0x0800169d   Thumb Code   100  os_time.o(.text)
    OSTimeDlyHMSM                            0x08001701   Thumb Code    86  os_time.o(.text)
    OSTimeDlyResume                          0x08001757   Thumb Code   176  os_time.o(.text)
    OSTimeGet                                0x08001807   Thumb Code    24  os_time.o(.text)
    OSTimeSet                                0x0800181f   Thumb Code    24  os_time.o(.text)
    OS_CPU_SR_Save                           0x08001855   Thumb Code     0  os_cpu_a.o(.text)
    OS_CPU_SR_Restore                        0x0800185d   Thumb Code     0  os_cpu_a.o(.text)
    OSStartHighRdy                           0x08001863   Thumb Code     0  os_cpu_a.o(.text)
    OSCtxSw                                  0x08001883   Thumb Code     0  os_cpu_a.o(.text)
    OSIntCtxSw                               0x0800188d   Thumb Code     0  os_cpu_a.o(.text)
    PendSV_Handler                           0x08001897   Thumb Code     0  os_cpu_a.o(.text)
    OSInitHookBegin                          0x08001905   Thumb Code     2  os_cpu_c.o(.text)
    OSTaskReturnHook                         0x08001907   Thumb Code     2  os_cpu_c.o(.text)
    OSInitHookEnd                            0x08001909   Thumb Code     2  os_cpu_c.o(.text)
    OSTaskCreateHook                         0x0800190b   Thumb Code     2  os_cpu_c.o(.text)
    OSTaskDelHook                            0x0800190d   Thumb Code     2  os_cpu_c.o(.text)
    OSTaskIdleHook                           0x0800190f   Thumb Code     2  os_cpu_c.o(.text)
    OSTaskStatHook                           0x08001911   Thumb Code     2  os_cpu_c.o(.text)
    OSTaskStkInit                            0x08001913   Thumb Code   482  os_cpu_c.o(.text)
    OSTaskSwHook                             0x08001af5   Thumb Code     2  os_cpu_c.o(.text)
    OSTCBInitHook                            0x08001af7   Thumb Code     2  os_cpu_c.o(.text)
    OSTimeTickHook                           0x08001af9   Thumb Code     2  os_cpu_c.o(.text)
    SysTick_Handler                          0x08001afb   Thumb Code    34  os_cpu_c.o(.text)
    OS_CPU_SysTickInit                       0x08001b1d   Thumb Code    88  os_cpu_c.o(.text)
    Reset_Handler                            0x08001b81   Thumb Code     8  startup_stm32f40xx.o(.text)
    NMI_Handler                              0x08001b89   Thumb Code     2  startup_stm32f40xx.o(.text)
    HardFault_Handler                        0x08001b8b   Thumb Code     2  startup_stm32f40xx.o(.text)
    MemManage_Handler                        0x08001b8d   Thumb Code     2  startup_stm32f40xx.o(.text)
    BusFault_Handler                         0x08001b8f   Thumb Code     2  startup_stm32f40xx.o(.text)
    UsageFault_Handler                       0x08001b91   Thumb Code     2  startup_stm32f40xx.o(.text)
    SVC_Handler                              0x08001b93   Thumb Code     2  startup_stm32f40xx.o(.text)
    DebugMon_Handler                         0x08001b95   Thumb Code     2  startup_stm32f40xx.o(.text)
    ADC_IRQHandler                           0x08001b9b   Thumb Code     0  startup_stm32f40xx.o(.text)
    CAN1_RX0_IRQHandler                      0x08001b9b   Thumb Code     0  startup_stm32f40xx.o(.text)
    CAN1_RX1_IRQHandler                      0x08001b9b   Thumb Code     0  startup_stm32f40xx.o(.text)
    CAN1_SCE_IRQHandler                      0x08001b9b   Thumb Code     0  startup_stm32f40xx.o(.text)
    CAN1_TX_IRQHandler                       0x08001b9b   Thumb Code     0  startup_stm32f40xx.o(.text)
    CAN2_RX0_IRQHandler                      0x08001b9b   Thumb Code     0  startup_stm32f40xx.o(.text)
    CAN2_RX1_IRQHandler                      0x08001b9b   Thumb Code     0  startup_stm32f40xx.o(.text)
    CAN2_SCE_IRQHandler                      0x08001b9b   Thumb Code     0  startup_stm32f40xx.o(.text)
    CAN2_TX_IRQHandler                       0x08001b9b   Thumb Code     0  startup_stm32f40xx.o(.text)
    CRYP_IRQHandler                          0x08001b9b   Thumb Code     0  startup_stm32f40xx.o(.text)
    DCMI_IRQHandler                          0x08001b9b   Thumb Code     0  startup_stm32f40xx.o(.text)
    DMA1_Stream0_IRQHandler                  0x08001b9b   Thumb Code     0  startup_stm32f40xx.o(.text)
    DMA1_Stream1_IRQHandler                  0x08001b9b   Thumb Code     0  startup_stm32f40xx.o(.text)
    DMA1_Stream2_IRQHandler                  0x08001b9b   Thumb Code     0  startup_stm32f40xx.o(.text)
    DMA1_Stream3_IRQHandler                  0x08001b9b   Thumb Code     0  startup_stm32f40xx.o(.text)
    DMA1_Stream4_IRQHandler                  0x08001b9b   Thumb Code     0  startup_stm32f40xx.o(.text)
    DMA1_Stream5_IRQHandler                  0x08001b9b   Thumb Code     0  startup_stm32f40xx.o(.text)
    DMA1_Stream6_IRQHandler                  0x08001b9b   Thumb Code     0  startup_stm32f40xx.o(.text)
    DMA1_Stream7_IRQHandler                  0x08001b9b   Thumb Code     0  startup_stm32f40xx.o(.text)
    DMA2_Stream0_IRQHandler                  0x08001b9b   Thumb Code     0  startup_stm32f40xx.o(.text)
    DMA2_Stream1_IRQHandler                  0x08001b9b   Thumb Code     0  startup_stm32f40xx.o(.text)
    DMA2_Stream2_IRQHandler                  0x08001b9b   Thumb Code     0  startup_stm32f40xx.o(.text)
    DMA2_Stream3_IRQHandler                  0x08001b9b   Thumb Code     0  startup_stm32f40xx.o(.text)
    DMA2_Stream4_IRQHandler                  0x08001b9b   Thumb Code     0  startup_stm32f40xx.o(.text)
    DMA2_Stream5_IRQHandler                  0x08001b9b   Thumb Code     0  startup_stm32f40xx.o(.text)
    DMA2_Stream6_IRQHandler                  0x08001b9b   Thumb Code     0  startup_stm32f40xx.o(.text)
    DMA2_Stream7_IRQHandler                  0x08001b9b   Thumb Code     0  startup_stm32f40xx.o(.text)
    ETH_IRQHandler                           0x08001b9b   Thumb Code     0  startup_stm32f40xx.o(.text)
    ETH_WKUP_IRQHandler                      0x08001b9b   Thumb Code     0  startup_stm32f40xx.o(.text)
    EXTI0_IRQHandler                         0x08001b9b   Thumb Code     0  startup_stm32f40xx.o(.text)
    EXTI15_10_IRQHandler                     0x08001b9b   Thumb Code     0  startup_stm32f40xx.o(.text)
    EXTI1_IRQHandler                         0x08001b9b   Thumb Code     0  startup_stm32f40xx.o(.text)
    EXTI2_IRQHandler                         0x08001b9b   Thumb Code     0  startup_stm32f40xx.o(.text)
    EXTI3_IRQHandler                         0x08001b9b   Thumb Code     0  startup_stm32f40xx.o(.text)
    EXTI4_IRQHandler                         0x08001b9b   Thumb Code     0  startup_stm32f40xx.o(.text)
    EXTI9_5_IRQHandler                       0x08001b9b   Thumb Code     0  startup_stm32f40xx.o(.text)
    FLASH_IRQHandler                         0x08001b9b   Thumb Code     0  startup_stm32f40xx.o(.text)
    FPU_IRQHandler                           0x08001b9b   Thumb Code     0  startup_stm32f40xx.o(.text)
    FSMC_IRQHandler                          0x08001b9b   Thumb Code     0  startup_stm32f40xx.o(.text)
    HASH_RNG_IRQHandler                      0x08001b9b   Thumb Code     0  startup_stm32f40xx.o(.text)
    I2C1_ER_IRQHandler                       0x08001b9b   Thumb Code     0  startup_stm32f40xx.o(.text)
    I2C1_EV_IRQHandler                       0x08001b9b   Thumb Code     0  startup_stm32f40xx.o(.text)
    I2C2_ER_IRQHandler                       0x08001b9b   Thumb Code     0  startup_stm32f40xx.o(.text)
    I2C2_EV_IRQHandler                       0x08001b9b   Thumb Code     0  startup_stm32f40xx.o(.text)
    I2C3_ER_IRQHandler                       0x08001b9b   Thumb Code     0  startup_stm32f40xx.o(.text)
    I2C3_EV_IRQHandler                       0x08001b9b   Thumb Code     0  startup_stm32f40xx.o(.text)
    OTG_FS_IRQHandler                        0x08001b9b   Thumb Code     0  startup_stm32f40xx.o(.text)
    OTG_FS_WKUP_IRQHandler                   0x08001b9b   Thumb Code     0  startup_stm32f40xx.o(.text)
    OTG_HS_EP1_IN_IRQHandler                 0x08001b9b   Thumb Code     0  startup_stm32f40xx.o(.text)
    OTG_HS_EP1_OUT_IRQHandler                0x08001b9b   Thumb Code     0  startup_stm32f40xx.o(.text)
    OTG_HS_IRQHandler                        0x08001b9b   Thumb Code     0  startup_stm32f40xx.o(.text)
    OTG_HS_WKUP_IRQHandler                   0x08001b9b   Thumb Code     0  startup_stm32f40xx.o(.text)
    PVD_IRQHandler                           0x08001b9b   Thumb Code     0  startup_stm32f40xx.o(.text)
    RCC_IRQHandler                           0x08001b9b   Thumb Code     0  startup_stm32f40xx.o(.text)
    RTC_Alarm_IRQHandler                     0x08001b9b   Thumb Code     0  startup_stm32f40xx.o(.text)
    RTC_WKUP_IRQHandler                      0x08001b9b   Thumb Code     0  startup_stm32f40xx.o(.text)
    SDIO_IRQHandler                          0x08001b9b   Thumb Code     0  startup_stm32f40xx.o(.text)
    SPI1_IRQHandler                          0x08001b9b   Thumb Code     0  startup_stm32f40xx.o(.text)
    SPI2_IRQHandler                          0x08001b9b   Thumb Code     0  startup_stm32f40xx.o(.text)
    SPI3_IRQHandler                          0x08001b9b   Thumb Code     0  startup_stm32f40xx.o(.text)
    TAMP_STAMP_IRQHandler                    0x08001b9b   Thumb Code     0  startup_stm32f40xx.o(.text)
    TIM1_BRK_TIM9_IRQHandler                 0x08001b9b   Thumb Code     0  startup_stm32f40xx.o(.text)
    TIM1_CC_IRQHandler                       0x08001b9b   Thumb Code     0  startup_stm32f40xx.o(.text)
    TIM1_TRG_COM_TIM11_IRQHandler            0x08001b9b   Thumb Code     0  startup_stm32f40xx.o(.text)
    TIM1_UP_TIM10_IRQHandler                 0x08001b9b   Thumb Code     0  startup_stm32f40xx.o(.text)
    TIM2_IRQHandler                          0x08001b9b   Thumb Code     0  startup_stm32f40xx.o(.text)
    TIM3_IRQHandler                          0x08001b9b   Thumb Code     0  startup_stm32f40xx.o(.text)
    TIM4_IRQHandler                          0x08001b9b   Thumb Code     0  startup_stm32f40xx.o(.text)
    TIM5_IRQHandler                          0x08001b9b   Thumb Code     0  startup_stm32f40xx.o(.text)
    TIM6_DAC_IRQHandler                      0x08001b9b   Thumb Code     0  startup_stm32f40xx.o(.text)
    TIM7_IRQHandler                          0x08001b9b   Thumb Code     0  startup_stm32f40xx.o(.text)
    TIM8_BRK_TIM12_IRQHandler                0x08001b9b   Thumb Code     0  startup_stm32f40xx.o(.text)
    TIM8_CC_IRQHandler                       0x08001b9b   Thumb Code     0  startup_stm32f40xx.o(.text)
    TIM8_TRG_COM_TIM14_IRQHandler            0x08001b9b   Thumb Code     0  startup_stm32f40xx.o(.text)
    TIM8_UP_TIM13_IRQHandler                 0x08001b9b   Thumb Code     0  startup_stm32f40xx.o(.text)
    UART4_IRQHandler                         0x08001b9b   Thumb Code     0  startup_stm32f40xx.o(.text)
    UART5_IRQHandler                         0x08001b9b   Thumb Code     0  startup_stm32f40xx.o(.text)
    USART1_IRQHandler                        0x08001b9b   Thumb Code     0  startup_stm32f40xx.o(.text)
    USART2_IRQHandler                        0x08001b9b   Thumb Code     0  startup_stm32f40xx.o(.text)
    USART3_IRQHandler                        0x08001b9b   Thumb Code     0  startup_stm32f40xx.o(.text)
    USART6_IRQHandler                        0x08001b9b   Thumb Code     0  startup_stm32f40xx.o(.text)
    WWDG_IRQHandler                          0x08001b9b   Thumb Code     0  startup_stm32f40xx.o(.text)
    __user_initial_stackheap                 0x08001b9d   Thumb Code     0  startup_stm32f40xx.o(.text)
    SystemInit                               0x08001c9b   Thumb Code    88  system_stm32f4xx.o(.text)
    SystemCoreClockUpdate                    0x08001cf3   Thumb Code   174  system_stm32f4xx.o(.text)
    __2printf                                0x08001dcd   Thumb Code    20  noretval__2printf.o(.text)
    __use_two_region_memory                  0x08001de5   Thumb Code     2  heapauxi.o(.text)
    __rt_heap_escrow                         0x08001de7   Thumb Code     2  heapauxi.o(.text)
    __rt_heap_expand                         0x08001de9   Thumb Code     2  heapauxi.o(.text)
    _printf_char_file                        0x08001ded   Thumb Code    32  _printf_char_file.o(.text)
    _printf_char_common                      0x08001e1b   Thumb Code    32  _printf_char_common.o(.text)
    ferror                                   0x08001e41   Thumb Code     8  ferror.o(.text)
    _initio                                  0x08001e49   Thumb Code   210  initio.o(.text)
    _terminateio                             0x08001f1b   Thumb Code    56  initio.o(.text)
    _sys_open                                0x08001f81   Thumb Code    20  sys_io.o(.text)
    _sys_close                               0x08001f95   Thumb Code    12  sys_io.o(.text)
    _sys_write                               0x08001fa1   Thumb Code    16  sys_io.o(.text)
    _sys_read                                0x08001fb1   Thumb Code    14  sys_io.o(.text)
    _sys_istty                               0x08001fbf   Thumb Code    12  sys_io.o(.text)
    _sys_seek                                0x08001fcb   Thumb Code    14  sys_io.o(.text)
    _sys_ensure                              0x08001fd9   Thumb Code     2  sys_io.o(.text)
    _sys_flen                                0x08001fdb   Thumb Code    12  sys_io.o(.text)
    __user_setup_stackheap                   0x08001fe7   Thumb Code    74  sys_stackheap_outer.o(.text)
    free                                     0x08002031   Thumb Code    78  h1_free.o(.text)
    __printf                                 0x0800207f   Thumb Code    38  __printf_nopercent.o(.text)
    __flsbuf                                 0x080020a5   Thumb Code   478  flsbuf.o(.text)
    __flsbuf_byte                            0x080020a5   Thumb Code     0  flsbuf.o(.text)
    __flsbuf_wide                            0x080020a5   Thumb Code     0  flsbuf.o(.text)
    setvbuf                                  0x08002283   Thumb Code    70  setvbuf.o(.text)
    freopen                                  0x080022c9   Thumb Code   158  fopen.o(.text)
    fopen                                    0x08002367   Thumb Code    74  fopen.o(.text)
    _fclose_internal                         0x080023b5   Thumb Code    76  fclose.o(.text)
    fclose                                   0x080023b5   Thumb Code     0  fclose.o(.text)
    exit                                     0x08002401   Thumb Code    12  exit.o(.text)
    __rt_SIGRTRED                            0x0800240d   Thumb Code    14  defsig_rtred_outer.o(.text)
    __aeabi_memclr4                          0x0800241b   Thumb Code     0  rt_memclr_w.o(.text)
    __aeabi_memclr8                          0x0800241b   Thumb Code     0  rt_memclr_w.o(.text)
    __rt_memclr_w                            0x0800241b   Thumb Code    78  rt_memclr_w.o(.text)
    _memset_w                                0x0800241f   Thumb Code     0  rt_memclr_w.o(.text)
    __user_libspace                          0x08002469   Thumb Code     8  libspace.o(.text)
    __user_perproc_libspace                  0x08002469   Thumb Code     0  libspace.o(.text)
    __user_perthread_libspace                0x08002469   Thumb Code     0  libspace.o(.text)
    __I$use$semihosting                      0x08002471   Thumb Code     0  use_no_semi.o(.text)
    __use_no_semihosting_swi                 0x08002471   Thumb Code     2  use_no_semi.o(.text)
    __semihosting_library_function           0x08002473   Thumb Code     0  indicate_semi.o(.text)
    __rt_heap_descriptor                     0x08002475   Thumb Code     8  rt_heap_descriptor_intlibspace.o(.text)
    __use_no_heap                            0x0800247d   Thumb Code     2  hguard.o(.text)
    __heap$guard                             0x0800247f   Thumb Code     2  hguard.o(.text)
    _terminate_user_alloc                    0x08002481   Thumb Code     2  init_alloc.o(.text)
    _init_user_alloc                         0x08002483   Thumb Code     2  init_alloc.o(.text)
    __Heap_Full                              0x08002485   Thumb Code    34  init_alloc.o(.text)
    __Heap_Broken                            0x080024a7   Thumb Code     6  init_alloc.o(.text)
    _init_alloc                              0x080024ad   Thumb Code    94  init_alloc.o(.text)
    malloc                                   0x0800250b   Thumb Code    94  h1_alloc.o(.text)
    _fseek                                   0x08002569   Thumb Code   242  fseek.o(.text)
    fseek                                    0x08002569   Thumb Code     0  fseek.o(.text)
    _seterr                                  0x08002661   Thumb Code    20  stdio.o(.text)
    _writebuf                                0x08002675   Thumb Code    84  stdio.o(.text)
    _fflush                                  0x080026c9   Thumb Code    70  stdio.o(.text)
    _deferredlazyseek                        0x0800270f   Thumb Code    60  stdio.o(.text)
    __sig_exit                               0x08002751   Thumb Code    10  defsig_exit.o(.text)
    __rt_SIGRTRED_inner                      0x0800275d   Thumb Code    14  defsig_rtred_inner.o(.text)
    strlen                                   0x08002791   Thumb Code    62  strlen.o(.text)
    _sys_exit                                0x080027d1   Thumb Code     8  sys_exit.o(.text)
    __Heap_Initialize                        0x080027dd   Thumb Code    10  h1_init.o(.text)
    __Heap_DescSize                          0x080027e7   Thumb Code     4  h1_init.o(.text)
    __Heap_ProvideMemory                     0x080027eb   Thumb Code    52  h1_extend.o(.text)
    _ftell_internal                          0x0800281f   Thumb Code    70  ftell.o(.text)
    ftell                                    0x0800281f   Thumb Code     0  ftell.o(.text)
    __default_signal_display                 0x08002865   Thumb Code    50  defsig_general.o(.text)
    __rt_SIGRTMEM                            0x08002897   Thumb Code    14  defsig_rtmem_outer.o(.text)
    _ttywrch                                 0x080028a5   Thumb Code    14  sys_wrch.o(.text)
    __aeabi_errno_addr                       0x080028b5   Thumb Code     8  rt_errno_addr_intlibspace.o(.text)
    __errno$intlibspace                      0x080028b5   Thumb Code     0  rt_errno_addr_intlibspace.o(.text)
    __rt_errno_addr$intlibspace              0x080028b5   Thumb Code     0  rt_errno_addr_intlibspace.o(.text)
    __rt_SIGRTMEM_inner                      0x080028bd   Thumb Code    22  defsig_rtmem_inner.o(.text)
    fputc                                    0x0800290d   Thumb Code    26  fputc.o(i.fputc)
    _fp_init                                 0x08002927   Thumb Code    10  fpinit.o(x$fpl$fpinit)
    __fplib_config_fpu_vfp                   0x0800292f   Thumb Code     0  fpinit.o(x$fpl$fpinit)
    __fplib_config_pureend_doubles           0x0800292f   Thumb Code     0  fpinit.o(x$fpl$fpinit)
    OSUnMapTbl                               0x08002930   Data         256  os_core.o(.constdata)
    __stdin_name                             0x08002a30   Data           4  sys_io.o(.constdata)
    __stdout_name                            0x08002a34   Data           4  sys_io.o(.constdata)
    __stderr_name                            0x08002a38   Data           4  sys_io.o(.constdata)
    Region$$Table$$Base                      0x08002a3c   Number         0  anon$$obj.o(Region$$Table)
    Region$$Table$$Limit                     0x08002a5c   Number         0  anon$$obj.o(Region$$Table)
    OSCtxSwCtr                               0x20000010   Data           4  os_core.o(.data)
    OSCPUUsage                               0x20000014   Data           1  os_core.o(.data)
    OSIdleCtrMax                             0x20000018   Data           4  os_core.o(.data)
    OSIdleCtrRun                             0x2000001c   Data           4  os_core.o(.data)
    OSStatRdy                                0x20000020   Data           1  os_core.o(.data)
    OSIntNesting                             0x20000021   Data           1  os_core.o(.data)
    OSLockNesting                            0x20000022   Data           1  os_core.o(.data)
    OSPrioCur                                0x20000023   Data           1  os_core.o(.data)
    OSPrioHighRdy                            0x20000024   Data           1  os_core.o(.data)
    OSRdyGrp                                 0x20000025   Data           1  os_core.o(.data)
    OSRdyTbl                                 0x20000026   Data           8  os_core.o(.data)
    OSRunning                                0x2000002e   Data           1  os_core.o(.data)
    OSTaskCtr                                0x2000002f   Data           1  os_core.o(.data)
    OSIdleCtr                                0x20000030   Data           4  os_core.o(.data)
    OSTCBCur                                 0x20000034   Data           4  os_core.o(.data)
    OSTCBFreeList                            0x20000038   Data           4  os_core.o(.data)
    OSTCBHighRdy                             0x2000003c   Data           4  os_core.o(.data)
    OSTCBList                                0x20000040   Data           4  os_core.o(.data)
    OSTickStepState                          0x20000044   Data           1  os_core.o(.data)
    OSTime                                   0x20000048   Data           4  os_core.o(.data)
    SystemCoreClock                          0x2000004c   Data           4  system_stm32f4xx.o(.data)
    AHBPrescTable                            0x20000050   Data          16  system_stm32f4xx.o(.data)
    __aeabi_stdin                            0x20000060   Data           4  stdio_streams.o(.data)
    __aeabi_stdout                           0x20000064   Data           4  stdio_streams.o(.data)
    __aeabi_stderr                           0x20000068   Data           4  stdio_streams.o(.data)
    StartTaskSTK                             0x2000006c   Data        2048  main.o(.bss)
    OSTaskStatStk                            0x2000086c   Data         512  os_core.o(.bss)
    OSTaskIdleStk                            0x20000a6c   Data         512  os_core.o(.bss)
    OSTCBPrioTbl                             0x20000c6c   Data         256  os_core.o(.bss)
    OSTCBTbl                                 0x20000d6c   Data        1496  os_core.o(.bss)
    __stdin                                  0x20001344   Data          84  stdio_streams.o(.bss)
    __stdout                                 0x20001398   Data          84  stdio_streams.o(.bss)
    __stderr                                 0x200013ec   Data          84  stdio_streams.o(.bss)
    __libspace_start                         0x20001440   Data          96  libspace.o(.bss)
    __temporary_stack_top$libspace           0x200014a0   Data           0  libspace.o(.bss)



==============================================================================

Memory Map of the image

  Image Entry point : 0x08000189

  Load Region LR_IROM1 (Base: 0x08000000, Size: 0x00002ac8, Max: 0x00100000, ABSOLUTE)

    Execution Region ER_IROM1 (Base: 0x08000000, Size: 0x00002a5c, Max: 0x00100000, ABSOLUTE)

    Base Addr    Size         Type   Attr      Idx    E Section Name        Object

    0x08000000   0x00000188   Data   RO          752    RESET               startup_stm32f40xx.o
    0x08000188   0x00000008   Code   RO          791  * !!!main             c_w.l(__main.o)
    0x08000190   0x00000034   Code   RO         1136    !!!scatter          c_w.l(__scatter.o)
    0x080001c4   0x0000001a   Code   RO         1138    !!handler_copy      c_w.l(__scatter_copy.o)
    0x080001de   0x00000002   PAD
    0x080001e0   0x0000001c   Code   RO         1140    !!handler_zi        c_w.l(__scatter_zi.o)
    0x080001fc   0x00000002   Code   RO          926    .ARM.Collect$$libinit$$00000000  c_w.l(libinit.o)
    0x080001fe   0x00000004   Code   RO          927    .ARM.Collect$$libinit$$00000001  c_w.l(libinit2.o)
    0x08000202   0x00000008   Code   RO          929    .ARM.Collect$$libinit$$00000003  c_w.l(libinit2.o)
    0x0800020a   0x00000000   Code   RO          931    .ARM.Collect$$libinit$$00000008  c_w.l(libinit2.o)
    0x0800020a   0x00000000   Code   RO          933    .ARM.Collect$$libinit$$0000000A  c_w.l(libinit2.o)
    0x0800020a   0x00000000   Code   RO          935    .ARM.Collect$$libinit$$0000000C  c_w.l(libinit2.o)
    0x0800020a   0x00000000   Code   RO          938    .ARM.Collect$$libinit$$0000000F  c_w.l(libinit2.o)
    0x0800020a   0x00000000   Code   RO          940    .ARM.Collect$$libinit$$00000011  c_w.l(libinit2.o)
    0x0800020a   0x00000000   Code   RO          942    .ARM.Collect$$libinit$$00000013  c_w.l(libinit2.o)
    0x0800020a   0x00000000   Code   RO          944    .ARM.Collect$$libinit$$00000015  c_w.l(libinit2.o)
    0x0800020a   0x00000000   Code   RO          946    .ARM.Collect$$libinit$$00000017  c_w.l(libinit2.o)
    0x0800020a   0x00000000   Code   RO          948    .ARM.Collect$$libinit$$00000019  c_w.l(libinit2.o)
    0x0800020a   0x00000000   Code   RO          950    .ARM.Collect$$libinit$$0000001B  c_w.l(libinit2.o)
    0x0800020a   0x00000000   Code   RO          952    .ARM.Collect$$libinit$$0000001D  c_w.l(libinit2.o)
    0x0800020a   0x00000000   Code   RO          954    .ARM.Collect$$libinit$$0000001F  c_w.l(libinit2.o)
    0x0800020a   0x00000000   Code   RO          956    .ARM.Collect$$libinit$$00000021  c_w.l(libinit2.o)
    0x0800020a   0x00000004   Code   RO          957    .ARM.Collect$$libinit$$00000022  c_w.l(libinit2.o)
    0x0800020e   0x00000000   Code   RO          958    .ARM.Collect$$libinit$$00000023  c_w.l(libinit2.o)
    0x0800020e   0x00000000   Code   RO          962    .ARM.Collect$$libinit$$0000002A  c_w.l(libinit2.o)
    0x0800020e   0x00000000   Code   RO          964    .ARM.Collect$$libinit$$0000002C  c_w.l(libinit2.o)
    0x0800020e   0x00000000   Code   RO          966    .ARM.Collect$$libinit$$0000002E  c_w.l(libinit2.o)
    0x0800020e   0x00000000   Code   RO          968    .ARM.Collect$$libinit$$00000030  c_w.l(libinit2.o)
    0x0800020e   0x00000002   Code   RO          969    .ARM.Collect$$libinit$$00000031  c_w.l(libinit2.o)
    0x08000210   0x00000002   Code   RO         1115    .ARM.Collect$$libshutdown$$00000000  c_w.l(libshutdown.o)
    0x08000212   0x00000004   Code   RO          971    .ARM.Collect$$libshutdown$$00000002  c_w.l(libshutdown2.o)
    0x08000216   0x00000000   Code   RO          972    .ARM.Collect$$libshutdown$$00000003  c_w.l(libshutdown2.o)
    0x08000216   0x00000000   Code   RO          975    .ARM.Collect$$libshutdown$$00000006  c_w.l(libshutdown2.o)
    0x08000216   0x00000000   Code   RO          978    .ARM.Collect$$libshutdown$$00000009  c_w.l(libshutdown2.o)
    0x08000216   0x00000000   Code   RO          980    .ARM.Collect$$libshutdown$$0000000B  c_w.l(libshutdown2.o)
    0x08000216   0x00000000   Code   RO          983    .ARM.Collect$$libshutdown$$0000000E  c_w.l(libshutdown2.o)
    0x08000216   0x00000002   Code   RO          984    .ARM.Collect$$libshutdown$$0000000F  c_w.l(libshutdown2.o)
    0x08000218   0x00000000   Code   RO          793    .ARM.Collect$$rtentry$$00000000  c_w.l(rtentry.o)
    0x08000218   0x00000000   Code   RO          803    .ARM.Collect$$rtentry$$00000002  c_w.l(rtentry2.o)
    0x08000218   0x00000006   Code   RO          815    .ARM.Collect$$rtentry$$00000004  c_w.l(rtentry4.o)
    0x0800021e   0x00000000   Code   RO          805    .ARM.Collect$$rtentry$$00000009  c_w.l(rtentry2.o)
    0x0800021e   0x00000004   Code   RO          806    .ARM.Collect$$rtentry$$0000000A  c_w.l(rtentry2.o)
    0x08000222   0x00000000   Code   RO          808    .ARM.Collect$$rtentry$$0000000C  c_w.l(rtentry2.o)
    0x08000222   0x00000008   Code   RO          809    .ARM.Collect$$rtentry$$0000000D  c_w.l(rtentry2.o)
    0x0800022a   0x00000002   Code   RO          993    .ARM.Collect$$rtexit$$00000000  c_w.l(rtexit.o)
    0x0800022c   0x00000000   Code   RO         1051    .ARM.Collect$$rtexit$$00000002  c_w.l(rtexit2.o)
    0x0800022c   0x00000004   Code   RO         1052    .ARM.Collect$$rtexit$$00000003  c_w.l(rtexit2.o)
    0x08000230   0x00000006   Code   RO         1053    .ARM.Collect$$rtexit$$00000004  c_w.l(rtexit2.o)
    0x08000236   0x00000002   PAD
    0x08000238   0x00000000   Code   RO         1057    .emb_text           c_w.l(maybetermalloc1.o)
    0x08000238   0x00000048   Code   RO            3    .text               main.o
    0x08000280   0x00000598   Code   RO          426    .text               stm32f4xx_rcc.o
    0x08000818   0x00000718   Code   RO          621    .text               os_core.o
    0x08000f30   0x0000076c   Code   RO          677    .text               os_task.o
    0x0800169c   0x000001b8   Code   RO          689    .text               os_time.o
    0x08001854   0x000000b0   Code   RO          707    .text               os_cpu_a.o
    0x08001904   0x0000027c   Code   RO          712    .text               os_cpu_c.o
    0x08001b80   0x00000040   Code   RO          753    .text               startup_stm32f40xx.o
    0x08001bc0   0x0000020c   Code   RO          759    .text               system_stm32f4xx.o
    0x08001dcc   0x00000018   Code   RO          787    .text               c_w.l(noretval__2printf.o)
    0x08001de4   0x00000006   Code   RO          789    .text               c_w.l(heapauxi.o)
    0x08001dea   0x00000002   PAD
    0x08001dec   0x00000024   Code   RO          794    .text               c_w.l(_printf_char_file.o)
    0x08001e10   0x00000030   Code   RO          817    .text               c_w.l(_printf_char_common.o)
    0x08001e40   0x00000008   Code   RO          819    .text               c_w.l(ferror.o)
    0x08001e48   0x00000138   Code   RO          825    .text               c_w.l(initio.o)
    0x08001f80   0x00000066   Code   RO          833    .text               c_w.l(sys_io.o)
    0x08001fe6   0x0000004a   Code   RO          840    .text               c_w.l(sys_stackheap_outer.o)
    0x08002030   0x0000004e   Code   RO          844    .text               c_w.l(h1_free.o)
    0x0800207e   0x00000026   Code   RO          898    .text               c_w.l(__printf_nopercent.o)
    0x080020a4   0x000001de   Code   RO          900    .text               c_w.l(flsbuf.o)
    0x08002282   0x00000046   Code   RO          902    .text               c_w.l(setvbuf.o)
    0x080022c8   0x000000ec   Code   RO          905    .text               c_w.l(fopen.o)
    0x080023b4   0x0000004c   Code   RO          907    .text               c_w.l(fclose.o)
    0x08002400   0x0000000c   Code   RO          913    .text               c_w.l(exit.o)
    0x0800240c   0x0000000e   Code   RO          915    .text               c_w.l(defsig_rtred_outer.o)
    0x0800241a   0x0000004e   Code   RO          919    .text               c_w.l(rt_memclr_w.o)
    0x08002468   0x00000008   Code   RO          987    .text               c_w.l(libspace.o)
    0x08002470   0x00000002   Code   RO          990    .text               c_w.l(use_no_semi.o)
    0x08002472   0x00000000   Code   RO          992    .text               c_w.l(indicate_semi.o)
    0x08002472   0x00000002   PAD
    0x08002474   0x00000008   Code   RO         1000    .text               c_w.l(rt_heap_descriptor_intlibspace.o)
    0x0800247c   0x00000004   Code   RO         1002    .text               c_w.l(hguard.o)
    0x08002480   0x0000008a   Code   RO         1004    .text               c_w.l(init_alloc.o)
    0x0800250a   0x0000005e   Code   RO         1010    .text               c_w.l(h1_alloc.o)
    0x08002568   0x000000f8   Code   RO         1026    .text               c_w.l(fseek.o)
    0x08002660   0x000000f0   Code   RO         1028    .text               c_w.l(stdio.o)
    0x08002750   0x0000000a   Code   RO         1034    .text               c_w.l(defsig_exit.o)
    0x0800275a   0x00000002   PAD
    0x0800275c   0x00000034   Code   RO         1036    .text               c_w.l(defsig_rtred_inner.o)
    0x08002790   0x0000003e   Code   RO         1040    .text               c_w.l(strlen.o)
    0x080027ce   0x00000002   PAD
    0x080027d0   0x0000000c   Code   RO         1048    .text               c_w.l(sys_exit.o)
    0x080027dc   0x0000000e   Code   RO         1059    .text               c_w.l(h1_init.o)
    0x080027ea   0x00000034   Code   RO         1061    .text               c_w.l(h1_extend.o)
    0x0800281e   0x00000046   Code   RO         1071    .text               c_w.l(ftell.o)
    0x08002864   0x00000032   Code   RO         1079    .text               c_w.l(defsig_general.o)
    0x08002896   0x0000000e   Code   RO         1081    .text               c_w.l(defsig_rtmem_outer.o)
    0x080028a4   0x0000000e   Code   RO         1096    .text               c_w.l(sys_wrch.o)
    0x080028b2   0x00000002   PAD
    0x080028b4   0x00000008   Code   RO         1103    .text               c_w.l(rt_errno_addr_intlibspace.o)
    0x080028bc   0x00000050   Code   RO         1109    .text               c_w.l(defsig_rtmem_inner.o)
    0x0800290c   0x0000001a   Code   RO          822    i.fputc             c_w.l(fputc.o)
    0x08002926   0x0000000a   Code   RO         1046    x$fpl$fpinit        fz_wm.l(fpinit.o)
    0x08002930   0x00000100   Data   RO          623    .constdata          os_core.o
    0x08002a30   0x00000004   Data   RO          834    .constdata          c_w.l(sys_io.o)
    0x08002a34   0x00000004   Data   RO          835    .constdata          c_w.l(sys_io.o)
    0x08002a38   0x00000004   Data   RO          836    .constdata          c_w.l(sys_io.o)
    0x08002a3c   0x00000020   Data   RO         1134    Region$$Table       anon$$obj.o


    Execution Region RW_IRAM1 (Base: 0x20000000, Size: 0x00001aa0, Max: 0x00020000, ABSOLUTE)

    Base Addr    Size         Type   Attr      Idx    E Section Name        Object

    0x20000000   0x00000010   Data   RW          427    .data               stm32f4xx_rcc.o
    0x20000010   0x0000003c   Data   RW          624    .data               os_core.o
    0x2000004c   0x00000014   Data   RW          760    .data               system_stm32f4xx.o
    0x20000060   0x00000004   Data   RW          799    .data               c_w.l(stdio_streams.o)
    0x20000064   0x00000004   Data   RW          800    .data               c_w.l(stdio_streams.o)
    0x20000068   0x00000004   Data   RW          801    .data               c_w.l(stdio_streams.o)
    0x2000006c   0x00000800   Zero   RW            4    .bss                main.o
    0x2000086c   0x00000ad8   Zero   RW          622    .bss                os_core.o
    0x20001344   0x00000054   Zero   RW          796    .bss                c_w.l(stdio_streams.o)
    0x20001398   0x00000054   Zero   RW          797    .bss                c_w.l(stdio_streams.o)
    0x200013ec   0x00000054   Zero   RW          798    .bss                c_w.l(stdio_streams.o)
    0x20001440   0x00000060   Zero   RW          988    .bss                c_w.l(libspace.o)
    0x200014a0   0x00000200   Zero   RW          751    HEAP                startup_stm32f40xx.o
    0x200016a0   0x00000400   Zero   RW          750    STACK               startup_stm32f40xx.o


==============================================================================

Image component sizes


      Code (inc. data)   RO Data    RW Data    ZI Data      Debug   Object Name

        72         12          0          0       2048     236069   main.o
      1816        188        256         60       2776      12259   os_core.o
       176         32          0          0          0        276   os_cpu_a.o
       636         12          0          0          0      36121   os_cpu_c.o
      1900         70          0          0          0       7317   os_task.o
       440         30          0          0          0       1766   os_time.o
        64         26        392          0       1536        800   startup_stm32f40xx.o
      1432         54          0         16          0      11284   stm32f4xx_rcc.o
       524         44          0         20          0       1755   system_stm32f4xx.o

    ----------------------------------------------------------------------
      7060        468        680         96       6360     307647   Object Totals
         0          0         32          0          0          0   (incl. Generated)
         0          0          0          0          0          0   (incl. Padding)

    ----------------------------------------------------------------------

      Code (inc. data)   RO Data    RW Data    ZI Data      Debug   Library Member Name

         8          0          0          0          0         68   __main.o
        38          0          0          0          0         84   __printf_nopercent.o
        52          8          0          0          0          0   __scatter.o
        26          0          0          0          0          0   __scatter_copy.o
        28          0          0          0          0          0   __scatter_zi.o
        48          6          0          0          0         96   _printf_char_common.o
        36          4          0          0          0         80   _printf_char_file.o
        10          0          0          0          0         68   defsig_exit.o
        50          0          0          0          0         88   defsig_general.o
        80         58          0          0          0         76   defsig_rtmem_inner.o
        14          0          0          0          0         80   defsig_rtmem_outer.o
        52         38          0          0          0         76   defsig_rtred_inner.o
        14          0          0          0          0         80   defsig_rtred_outer.o
        12          0          0          0          0         72   exit.o
        76          0          0          0          0         88   fclose.o
         8          0          0          0          0         68   ferror.o
       478          0          0          0          0         88   flsbuf.o
       236          4          0          0          0        128   fopen.o
        26          0          0          0          0         68   fputc.o
       248          6          0          0          0         84   fseek.o
        70          0          0          0          0         76   ftell.o
        94          0          0          0          0         80   h1_alloc.o
        52          0          0          0          0         68   h1_extend.o
        78          0          0          0          0         80   h1_free.o
        14          0          0          0          0         84   h1_init.o
         6          0          0          0          0        152   heapauxi.o
         4          0          0          0          0        136   hguard.o
         0          0          0          0          0          0   indicate_semi.o
       138          0          0          0          0        168   init_alloc.o
       312         46          0          0          0        112   initio.o
         2          0          0          0          0          0   libinit.o
        18          0          0          0          0          0   libinit2.o
         2          0          0          0          0          0   libshutdown.o
         6          0          0          0          0          0   libshutdown2.o
         8          4          0          0         96         68   libspace.o
         0          0          0          0          0          0   maybetermalloc1.o
        24          4          0          0          0         84   noretval__2printf.o
         8          4          0          0          0         68   rt_errno_addr_intlibspace.o
         8          4          0          0          0         68   rt_heap_descriptor_intlibspace.o
        78          0          0          0          0         80   rt_memclr_w.o
         0          0          0          0          0          0   rtentry.o
        12          0          0          0          0          0   rtentry2.o
         6          0          0          0          0          0   rtentry4.o
         2          0          0          0          0          0   rtexit.o
        10          0          0          0          0          0   rtexit2.o
        70          0          0          0          0         80   setvbuf.o
       240          6          0          0          0        156   stdio.o
         0          0          0         12        252          0   stdio_streams.o
        62          0          0          0          0         76   strlen.o
        12          4          0          0          0         68   sys_exit.o
       102          0         12          0          0        240   sys_io.o
        74          0          0          0          0         80   sys_stackheap_outer.o
        14          0          0          0          0         76   sys_wrch.o
         2          0          0          0          0         68   use_no_semi.o
        10          0          0          0          0        116   fpinit.o

    ----------------------------------------------------------------------
      3092        196         12         12        348       3676   Library Totals
        14          0          0          0          0          0   (incl. Padding)

    ----------------------------------------------------------------------

      Code (inc. data)   RO Data    RW Data    ZI Data      Debug   Library Name

      3068        196         12         12        348       3560   c_w.l
        10          0          0          0          0        116   fz_wm.l

    ----------------------------------------------------------------------
      3092        196         12         12        348       3676   Library Totals

    ----------------------------------------------------------------------

==============================================================================


      Code (inc. data)   RO Data    RW Data    ZI Data      Debug   

     10152        664        692        108       6708     307847   Grand Totals
     10152        664        692        108       6708     307847   ELF Image Totals
     10152        664        692        108          0          0   ROM Totals

==============================================================================

    Total RO  Size (Code + RO Data)                10844 (  10.59kB)
    Total RW  Size (RW Data + ZI Data)              6816 (   6.66kB)
    Total ROM Size (Code + RO Data + RW Data)      10952 (  10.70kB)

==============================================================================

